{
  "@class": "org.jmlspecs.openjml.JmlTree$JmlCompilationUnit",
  "sourcefile": {
    "@class": "javax.tools.JavaFileObject",
    "primitive": "imp/Test.java"
  },
  "pid": null,
  "defs": [
    {
      "@class": "org.jmlspecs.openjml.JmlTree$JmlImport",
      "qualid": {
        "@class": "com.sun.tools.javac.tree.JCTree$JCFieldAccess",
        "selected": {
          "@class": "com.sun.tools.javac.tree.JCTree$JCFieldAccess",
          "selected": {
            "@class": "com.sun.tools.javac.tree.JCTree$JCFieldAccess",
            "selected": {
              "@class": "com.sun.tools.javac.tree.JCTree$JCIdent",
              "name": {
                "@class": "com.sun.tools.javac.util.Name",
                "primitive": "org"
              }
            },
            "name": {
              "@class": "com.sun.tools.javac.util.Name",
              "primitive": "jmlspecs"
            }
          },
          "name": {
            "@class": "com.sun.tools.javac.util.Name",
            "primitive": "lang"
          }
        },
        "name": {
          "@class": "com.sun.tools.javac.util.Name",
          "primitive": "*"
        }
      },
      "staticImport": {
        "@class": "boolean",
        "primitive": "false"
      },
      "isModel": {
        "@class": "boolean",
        "primitive": "true"
      }
    },
    {
      "@class": "org.jmlspecs.openjml.JmlTree$JmlImport",
      "qualid": {
        "@class": "com.sun.tools.javac.tree.JCTree$JCFieldAccess",
        "selected": {
          "@class": "com.sun.tools.javac.tree.JCTree$JCFieldAccess",
          "selected": {
            "@class": "com.sun.tools.javac.tree.JCTree$JCIdent",
            "name": {
              "@class": "com.sun.tools.javac.util.Name",
              "primitive": "java"
            }
          },
          "name": {
            "@class": "com.sun.tools.javac.util.Name",
            "primitive": "io"
          }
        },
        "name": {
          "@class": "com.sun.tools.javac.util.Name",
          "primitive": "File"
        }
      },
      "staticImport": {
        "@class": "boolean",
        "primitive": "false"
      },
      "isModel": {
        "@class": "boolean",
        "primitive": "false"
      }
    },
    {
      "@class": "org.jmlspecs.openjml.JmlTree$JmlImport",
      "qualid": {
        "@class": "com.sun.tools.javac.tree.JCTree$JCFieldAccess",
        "selected": {
          "@class": "com.sun.tools.javac.tree.JCTree$JCFieldAccess",
          "selected": {
            "@class": "com.sun.tools.javac.tree.JCTree$JCIdent",
            "name": {
              "@class": "com.sun.tools.javac.util.Name",
              "primitive": "java"
            }
          },
          "name": {
            "@class": "com.sun.tools.javac.util.Name",
            "primitive": "util"
          }
        },
        "name": {
          "@class": "com.sun.tools.javac.util.Name",
          "primitive": "*"
        }
      },
      "staticImport": {
        "@class": "boolean",
        "primitive": "false"
      },
      "isModel": {
        "@class": "boolean",
        "primitive": "false"
      }
    },
    {
      "@class": "org.jmlspecs.openjml.JmlTree$JmlImport",
      "qualid": {
        "@class": "com.sun.tools.javac.tree.JCTree$JCFieldAccess",
        "selected": {
          "@class": "com.sun.tools.javac.tree.JCTree$JCFieldAccess",
          "selected": {
            "@class": "com.sun.tools.javac.tree.JCTree$JCFieldAccess",
            "selected": {
              "@class": "com.sun.tools.javac.tree.JCTree$JCIdent",
              "name": {
                "@class": "com.sun.tools.javac.util.Name",
                "primitive": "java"
              }
            },
            "name": {
              "@class": "com.sun.tools.javac.util.Name",
              "primitive": "math"
            }
          },
          "name": {
            "@class": "com.sun.tools.javac.util.Name",
            "primitive": "BigInteger"
          }
        },
        "name": {
          "@class": "com.sun.tools.javac.util.Name",
          "primitive": "*"
        }
      },
      "staticImport": {
        "@class": "boolean",
        "primitive": "true"
      },
      "isModel": {
        "@class": "boolean",
        "primitive": "false"
      }
    },
    {
      "@class": "org.jmlspecs.openjml.JmlTree$JmlImport",
      "qualid": {
        "@class": "com.sun.tools.javac.tree.JCTree$JCFieldAccess",
        "selected": {
          "@class": "com.sun.tools.javac.tree.JCTree$JCFieldAccess",
          "selected": {
            "@class": "com.sun.tools.javac.tree.JCTree$JCFieldAccess",
            "selected": {
              "@class": "com.sun.tools.javac.tree.JCTree$JCIdent",
              "name": {
                "@class": "com.sun.tools.javac.util.Name",
                "primitive": "java"
              }
            },
            "name": {
              "@class": "com.sun.tools.javac.util.Name",
              "primitive": "lang"
            }
          },
          "name": {
            "@class": "com.sun.tools.javac.util.Name",
            "primitive": "Double"
          }
        },
        "name": {
          "@class": "com.sun.tools.javac.util.Name",
          "primitive": "isNaN"
        }
      },
      "staticImport": {
        "@class": "boolean",
        "primitive": "true"
      },
      "isModel": {
        "@class": "boolean",
        "primitive": "false"
      }
    },
    {
      "@class": "org.jmlspecs.openjml.JmlTree$JmlImport",
      "qualid": {
        "@class": "com.sun.tools.javac.tree.JCTree$JCFieldAccess",
        "selected": {
          "@class": "com.sun.tools.javac.tree.JCTree$JCFieldAccess",
          "selected": {
            "@class": "com.sun.tools.javac.tree.JCTree$JCIdent",
            "name": {
              "@class": "com.sun.tools.javac.util.Name",
              "primitive": "java"
            }
          },
          "name": {
            "@class": "com.sun.tools.javac.util.Name",
            "primitive": "io"
          }
        },
        "name": {
          "@class": "com.sun.tools.javac.util.Name",
          "primitive": "File"
        }
      },
      "staticImport": {
        "@class": "boolean",
        "primitive": "false"
      },
      "isModel": {
        "@class": "boolean",
        "primitive": "true"
      }
    }
  ]
}
