{
  "class": "org.jmlspecs.openjml.JmlTree$JmlCompilationUnit",
  "sourcefile": {
    "class": "javax.tools.JavaFileObject",
    "primitive": "specs/Test.java"
  },
  "pid": null,
  "defs": [
    {
      "class": "org.jmlspecs.openjml.JmlTree$JmlImport",
      "qualid": {
        "class": "com.sun.tools.javac.tree.JCTree$JCFieldAccess",
        "selected": {
          "class": "com.sun.tools.javac.tree.JCTree$JCFieldAccess",
          "selected": {
            "class": "com.sun.tools.javac.tree.JCTree$JCFieldAccess",
            "selected": {
              "class": "com.sun.tools.javac.tree.JCTree$JCIdent",
              "name": {
                "class": "com.sun.tools.javac.util.Name",
                "primitive": "org"
              }
            },
            "name": {
              "class": "com.sun.tools.javac.util.Name",
              "primitive": "jmlspecs"
            }
          },
          "name": {
            "class": "com.sun.tools.javac.util.Name",
            "primitive": "lang"
          }
        },
        "name": {
          "class": "com.sun.tools.javac.util.Name",
          "primitive": "*"
        }
      },
      "staticImport": {
        "class": "boolean",
        "primitive": "false"
      },
      "isModel": {
        "class": "boolean",
        "primitive": "true"
      }
    },
    {
      "class": "org.jmlspecs.openjml.JmlTree$JmlClassDecl",
      "sourcefile": {
        "class": "javax.tools.JavaFileObject",
        "primitive": "specs/Test.java"
      },
      "mods": {
        "class": "org.jmlspecs.openjml.JmlTree$JmlModifiers",
        "annotations": [],
        "flags": {
          "class": "long",
          "primitive": "1"
        },
        "jmlmods": []
      },
      "name": {
        "class": "com.sun.tools.javac.util.Name",
        "primitive": "Test"
      },
      "typarams": [],
      "extending": null,
      "implementing": [],
      "permitting": [],
      "defs": [
        {
          "class": "org.jmlspecs.openjml.JmlTree$JmlVariableDecl",
          "sourcefile": {
            "class": "javax.tools.JavaFileObject",
            "primitive": "specs/Test.java"
          },
          "mods": {
            "class": "org.jmlspecs.openjml.JmlTree$JmlModifiers",
            "annotations": [],
            "flags": {
              "class": "long",
              "primitive": "0"
            },
            "jmlmods": []
          },
          "name": {
            "class": "com.sun.tools.javac.util.Name",
            "primitive": "b"
          },
          "vartype": {
            "class": "com.sun.tools.javac.tree.JCTree$JCPrimitiveTypeTree",
            "typetag": {
              "class": "com.sun.tools.javac.code.TypeTag",
              "primitive": "BOOLEAN"
            }
          },
          "init": null
        },
        {
          "class": "org.jmlspecs.openjml.JmlTree$JmlVariableDecl",
          "sourcefile": {
            "class": "javax.tools.JavaFileObject",
            "primitive": "specs/Test.java"
          },
          "mods": {
            "class": "org.jmlspecs.openjml.JmlTree$JmlModifiers",
            "annotations": [],
            "flags": {
              "class": "long",
              "primitive": "0"
            },
            "jmlmods": []
          },
          "name": {
            "class": "com.sun.tools.javac.util.Name",
            "primitive": "a"
          },
          "vartype": {
            "class": "com.sun.tools.javac.tree.JCTree$JCArrayTypeTree",
            "elemtype": {
              "class": "com.sun.tools.javac.tree.JCTree$JCPrimitiveTypeTree",
              "typetag": {
                "class": "com.sun.tools.javac.code.TypeTag",
                "primitive": "INT"
              }
            }
          },
          "init": {
            "class": "com.sun.tools.javac.tree.JCTree$JCNewArray",
            "annotations": [],
            "elemtype": {
              "class": "com.sun.tools.javac.tree.JCTree$JCPrimitiveTypeTree",
              "typetag": {
                "class": "com.sun.tools.javac.code.TypeTag",
                "primitive": "INT"
              }
            },
            "dims": [
              {
                "class": "com.sun.tools.javac.tree.JCTree$JCLiteral",
                "typetag": {
                  "class": "com.sun.tools.javac.code.TypeTag",
                  "primitive": "INT"
                },
                "value": 9
              }
            ],
            "elems": null
          }
        },
        {
          "class": "org.jmlspecs.openjml.JmlTree$JmlTypeClauseExpr",
          "sourcefile": {
            "class": "javax.tools.JavaFileObject",
            "primitive": "specs/Test.java"
          },
          "name": null,
          "modifiers": {
            "class": "org.jmlspecs.openjml.JmlTree$JmlModifiers",
            "annotations": [],
            "flags": {
              "class": "long",
              "primitive": "0"
            },
            "jmlmods": []
          },
          "keyword": {
            "class": "java.lang.String",
            "primitive": null
          },
          "clauseType": {
            "class": "org.jmlspecs.openjml.IJmlClauseKind",
            "primitive": "axiom"
          },
          "expression": {
            "class": "com.sun.tools.javac.tree.JCTree$JCIdent",
            "name": {
              "class": "com.sun.tools.javac.util.Name",
              "primitive": "b"
            }
          }
        },
        {
          "class": "org.jmlspecs.openjml.JmlTree$JmlTypeClauseExpr",
          "sourcefile": {
            "class": "javax.tools.JavaFileObject",
            "primitive": "specs/Test.java"
          },
          "name": null,
          "modifiers": {
            "class": "org.jmlspecs.openjml.JmlTree$JmlModifiers",
            "annotations": [],
            "flags": {
              "class": "long",
              "primitive": "0"
            },
            "jmlmods": []
          },
          "keyword": {
            "class": "java.lang.String",
            "primitive": null
          },
          "clauseType": {
            "class": "org.jmlspecs.openjml.IJmlClauseKind",
            "primitive": "invariant"
          },
          "expression": {
            "class": "com.sun.tools.javac.tree.JCTree$JCIdent",
            "name": {
              "class": "com.sun.tools.javac.util.Name",
              "primitive": "b"
            }
          }
        },
        {
          "class": "org.jmlspecs.openjml.JmlTree$JmlTypeClauseConstraint",
          "sourcefile": {
            "class": "javax.tools.JavaFileObject",
            "primitive": "specs/Test.java"
          },
          "name": null,
          "keyword": {
            "class": "java.lang.String",
            "primitive": "constraint"
          },
          "clauseType": {
            "class": "org.jmlspecs.openjml.IJmlClauseKind",
            "primitive": "constraint"
          },
          "modifiers": {
            "class": "org.jmlspecs.openjml.JmlTree$JmlModifiers",
            "annotations": [],
            "flags": {
              "class": "long",
              "primitive": "0"
            },
            "jmlmods": []
          },
          "expression": {
            "class": "org.jmlspecs.openjml.JmlTree$JmlBinary",
            "lhs": {
              "class": "org.jmlspecs.openjml.JmlTree$JmlMethodInvocation",
              "typeargs": [],
              "meth": null,
              "kind": {
                "class": "org.jmlspecs.openjml.IJmlClauseKind",
                "primitive": "\\old"
              },
              "name": {
                "class": "java.lang.String",
                "primitive": null
              },
              "args": [
                {
                  "class": "com.sun.tools.javac.tree.JCTree$JCIdent",
                  "name": {
                    "class": "com.sun.tools.javac.util.Name",
                    "primitive": "b"
                  }
                }
              ]
            },
            "op": {
              "class": "org.jmlspecs.openjml.IJmlClauseKind",
              "primitive": "\u003d\u003d\u003e"
            },
            "rhs": {
              "class": "com.sun.tools.javac.tree.JCTree$JCIdent",
              "name": {
                "class": "com.sun.tools.javac.util.Name",
                "primitive": "b"
              }
            }
          },
          "sigs": null,
          "notlist": {
            "class": "boolean",
            "primitive": "false"
          }
        },
        {
          "class": "org.jmlspecs.openjml.JmlTree$JmlVariableDecl",
          "sourcefile": {
            "class": "javax.tools.JavaFileObject",
            "primitive": "specs/Test.java"
          },
          "mods": {
            "class": "org.jmlspecs.openjml.JmlTree$JmlModifiers",
            "annotations": [],
            "flags": {
              "class": "long",
              "primitive": "65536"
            },
            "jmlmods": [
              {
                "class": "com.sun.tools.javac.parser.JmlToken",
                "primitive": "model"
              }
            ]
          },
          "name": {
            "class": "com.sun.tools.javac.util.Name",
            "primitive": "i"
          },
          "vartype": {
            "class": "com.sun.tools.javac.tree.JCTree$JCPrimitiveTypeTree",
            "typetag": {
              "class": "com.sun.tools.javac.code.TypeTag",
              "primitive": "INT"
            }
          },
          "init": null
        },
        {
          "class": "org.jmlspecs.openjml.JmlTree$JmlTypeClauseRepresents",
          "sourcefile": {
            "class": "javax.tools.JavaFileObject",
            "primitive": "specs/Test.java"
          },
          "name": null,
          "modifiers": {
            "class": "org.jmlspecs.openjml.JmlTree$JmlModifiers",
            "annotations": [],
            "flags": {
              "class": "long",
              "primitive": "0"
            },
            "jmlmods": []
          },
          "keyword": {
            "class": "java.lang.String",
            "primitive": null
          },
          "clauseType": {
            "class": "org.jmlspecs.openjml.IJmlClauseKind",
            "primitive": "represents"
          },
          "ident": {
            "class": "com.sun.tools.javac.tree.JCTree$JCIdent",
            "name": {
              "class": "com.sun.tools.javac.util.Name",
              "primitive": "i"
            }
          },
          "suchThat": {
            "class": "boolean",
            "primitive": "false"
          },
          "expression": {
            "class": "com.sun.tools.javac.tree.JCTree$JCConditional",
            "cond": {
              "class": "com.sun.tools.javac.tree.JCTree$JCIdent",
              "name": {
                "class": "com.sun.tools.javac.util.Name",
                "primitive": "b"
              }
            },
            "truepart": {
              "class": "com.sun.tools.javac.tree.JCTree$JCLiteral",
              "typetag": {
                "class": "com.sun.tools.javac.code.TypeTag",
                "primitive": "INT"
              },
              "value": 0
            },
            "falsepart": {
              "class": "com.sun.tools.javac.tree.JCTree$JCLiteral",
              "typetag": {
                "class": "com.sun.tools.javac.code.TypeTag",
                "primitive": "INT"
              },
              "value": 1
            }
          }
        },
        {
          "class": "org.jmlspecs.openjml.JmlTree$JmlVariableDecl",
          "sourcefile": {
            "class": "javax.tools.JavaFileObject",
            "primitive": "specs/Test.java"
          },
          "mods": {
            "class": "org.jmlspecs.openjml.JmlTree$JmlModifiers",
            "annotations": [],
            "flags": {
              "class": "long",
              "primitive": "0"
            },
            "jmlmods": []
          },
          "name": {
            "class": "com.sun.tools.javac.util.Name",
            "primitive": "k"
          },
          "vartype": {
            "class": "com.sun.tools.javac.tree.JCTree$JCPrimitiveTypeTree",
            "typetag": {
              "class": "com.sun.tools.javac.code.TypeTag",
              "primitive": "INT"
            }
          },
          "init": null
        },
        {
          "class": "org.jmlspecs.openjml.JmlTree$JmlMethodDecl",
          "sourcefile": {
            "class": "javax.tools.JavaFileObject",
            "primitive": "specs/Test.java"
          },
          "mods": {
            "class": "org.jmlspecs.openjml.JmlTree$JmlModifiers",
            "annotations": [],
            "flags": {
              "class": "long",
              "primitive": "1"
            },
            "jmlmods": []
          },
          "name": {
            "class": "com.sun.tools.javac.util.Name",
            "primitive": "m"
          },
          "restype": {
            "class": "com.sun.tools.javac.tree.JCTree$JCPrimitiveTypeTree",
            "typetag": {
              "class": "com.sun.tools.javac.code.TypeTag",
              "primitive": "VOID"
            }
          },
          "typarams": [],
          "recvparam": null,
          "params": [
            {
              "class": "org.jmlspecs.openjml.JmlTree$JmlVariableDecl",
              "sourcefile": {
                "class": "javax.tools.JavaFileObject",
                "primitive": "specs/Test.java"
              },
              "mods": {
                "class": "org.jmlspecs.openjml.JmlTree$JmlModifiers",
                "annotations": [],
                "flags": {
                  "class": "long",
                  "primitive": "8589934592"
                },
                "jmlmods": []
              },
              "name": {
                "class": "com.sun.tools.javac.util.Name",
                "primitive": "k"
              },
              "vartype": {
                "class": "com.sun.tools.javac.tree.JCTree$JCPrimitiveTypeTree",
                "typetag": {
                  "class": "com.sun.tools.javac.code.TypeTag",
                  "primitive": "INT"
                }
              },
              "init": null
            }
          ],
          "thrown": [],
          "methodSpecs": {
            "class": "org.jmlspecs.openjml.JmlTree$JmlMethodSpecs",
            "cases": [
              {
                "class": "org.jmlspecs.openjml.JmlTree$JmlSpecificationCase",
                "sourcefile": {
                  "class": "javax.tools.JavaFileObject",
                  "primitive": "specs/Test.java"
                },
                "also": {
                  "class": "org.jmlspecs.openjml.IJmlClauseKind",
                  "primitive": null
                },
                "modifiers": {
                  "class": "org.jmlspecs.openjml.JmlTree$JmlModifiers",
                  "annotations": [],
                  "flags": {
                    "class": "long",
                    "primitive": "1"
                  },
                  "jmlmods": []
                },
                "code": {
                  "class": "boolean",
                  "primitive": "false"
                },
                "token": {
                  "class": "org.jmlspecs.openjml.IJmlClauseKind",
                  "primitive": "normal_behavior"
                },
                "callee_only": {
                  "class": "boolean",
                  "primitive": "false"
                },
                "clauses": [
                  {
                    "class": "org.jmlspecs.openjml.JmlTree$JmlMethodClauseExpr",
                    "sourcefile": {
                      "class": "javax.tools.JavaFileObject",
                      "primitive": "specs/Test.java"
                    },
                    "name": null,
                    "keyword": {
                      "class": "java.lang.String",
                      "primitive": "requires"
                    },
                    "clauseKind": {
                      "class": "org.jmlspecs.openjml.IJmlClauseKind",
                      "primitive": "requires"
                    },
                    "expression": {
                      "class": "com.sun.tools.javac.tree.JCTree$JCIdent",
                      "name": {
                        "class": "com.sun.tools.javac.util.Name",
                        "primitive": "b"
                      }
                    },
                    "exception": null
                  },
                  {
                    "class": "org.jmlspecs.openjml.JmlTree$JmlMethodClauseExpr",
                    "sourcefile": {
                      "class": "javax.tools.JavaFileObject",
                      "primitive": "specs/Test.java"
                    },
                    "name": null,
                    "keyword": {
                      "class": "java.lang.String",
                      "primitive": "requires"
                    },
                    "clauseKind": {
                      "class": "org.jmlspecs.openjml.IJmlClauseKind",
                      "primitive": "requires"
                    },
                    "expression": {
                      "class": "com.sun.tools.javac.tree.JCTree$JCIdent",
                      "name": {
                        "class": "com.sun.tools.javac.util.Name",
                        "primitive": "b"
                      }
                    },
                    "exception": {
                      "class": "com.sun.tools.javac.tree.JCTree$JCIdent",
                      "name": {
                        "class": "com.sun.tools.javac.util.Name",
                        "primitive": "RuntimeException"
                      }
                    }
                  },
                  {
                    "class": "org.jmlspecs.openjml.JmlTree$JmlMethodClauseExpr",
                    "sourcefile": {
                      "class": "javax.tools.JavaFileObject",
                      "primitive": "specs/Test.java"
                    },
                    "name": null,
                    "keyword": {
                      "class": "java.lang.String",
                      "primitive": "ensures"
                    },
                    "clauseKind": {
                      "class": "org.jmlspecs.openjml.IJmlClauseKind",
                      "primitive": "ensures"
                    },
                    "expression": {
                      "class": "com.sun.tools.javac.tree.JCTree$JCIdent",
                      "name": {
                        "class": "com.sun.tools.javac.util.Name",
                        "primitive": "b"
                      }
                    },
                    "exception": null
                  }
                ]
              },
              {
                "class": "org.jmlspecs.openjml.JmlTree$JmlSpecificationCase",
                "sourcefile": {
                  "class": "javax.tools.JavaFileObject",
                  "primitive": "specs/Test.java"
                },
                "also": {
                  "class": "org.jmlspecs.openjml.IJmlClauseKind",
                  "primitive": "also"
                },
                "modifiers": {
                  "class": "org.jmlspecs.openjml.JmlTree$JmlModifiers",
                  "annotations": [],
                  "flags": {
                    "class": "long",
                    "primitive": "1"
                  },
                  "jmlmods": []
                },
                "code": {
                  "class": "boolean",
                  "primitive": "false"
                },
                "token": {
                  "class": "org.jmlspecs.openjml.IJmlClauseKind",
                  "primitive": "behavior"
                },
                "callee_only": {
                  "class": "boolean",
                  "primitive": "false"
                },
                "clauses": [
                  {
                    "class": "org.jmlspecs.openjml.JmlTree$JmlMethodClauseSignals",
                    "sourcefile": {
                      "class": "javax.tools.JavaFileObject",
                      "primitive": "specs/Test.java"
                    },
                    "name": null,
                    "keyword": {
                      "class": "java.lang.String",
                      "primitive": "signals"
                    },
                    "clauseKind": {
                      "class": "org.jmlspecs.openjml.IJmlClauseKind",
                      "primitive": "signals"
                    },
                    "vardef": {
                      "class": "org.jmlspecs.openjml.JmlTree$JmlVariableDecl",
                      "sourcefile": {
                        "class": "javax.tools.JavaFileObject",
                        "primitive": "specs/Test.java"
                      },
                      "mods": {
                        "class": "org.jmlspecs.openjml.JmlTree$JmlModifiers",
                        "annotations": [],
                        "flags": {
                          "class": "long",
                          "primitive": "0"
                        },
                        "jmlmods": []
                      },
                      "name": {
                        "class": "com.sun.tools.javac.util.Name",
                        "primitive": "e"
                      },
                      "vartype": {
                        "class": "com.sun.tools.javac.tree.JCTree$JCIdent",
                        "name": {
                          "class": "com.sun.tools.javac.util.Name",
                          "primitive": "Exception"
                        }
                      },
                      "init": null
                    },
                    "expression": {
                      "class": "com.sun.tools.javac.tree.JCTree$JCLiteral",
                      "typetag": {
                        "class": "com.sun.tools.javac.code.TypeTag",
                        "primitive": "BOOLEAN"
                      },
                      "value": 1
                    }
                  },
                  {
                    "class": "org.jmlspecs.openjml.JmlTree$JmlMethodClauseSignals",
                    "sourcefile": {
                      "class": "javax.tools.JavaFileObject",
                      "primitive": "specs/Test.java"
                    },
                    "name": null,
                    "keyword": {
                      "class": "java.lang.String",
                      "primitive": "signals"
                    },
                    "clauseKind": {
                      "class": "org.jmlspecs.openjml.IJmlClauseKind",
                      "primitive": "signals"
                    },
                    "vardef": {
                      "class": "org.jmlspecs.openjml.JmlTree$JmlVariableDecl",
                      "sourcefile": {
                        "class": "javax.tools.JavaFileObject",
                        "primitive": "specs/Test.java"
                      },
                      "mods": {
                        "class": "org.jmlspecs.openjml.JmlTree$JmlModifiers",
                        "annotations": [],
                        "flags": {
                          "class": "long",
                          "primitive": "0"
                        },
                        "jmlmods": []
                      },
                      "name": null,
                      "vartype": {
                        "class": "com.sun.tools.javac.tree.JCTree$JCIdent",
                        "name": {
                          "class": "com.sun.tools.javac.util.Name",
                          "primitive": "Exception"
                        }
                      },
                      "init": null
                    },
                    "expression": {
                      "class": "com.sun.tools.javac.tree.JCTree$JCLiteral",
                      "typetag": {
                        "class": "com.sun.tools.javac.code.TypeTag",
                        "primitive": "BOOLEAN"
                      },
                      "value": 1
                    }
                  },
                  {
                    "class": "org.jmlspecs.openjml.JmlTree$JmlMethodClauseSignalsOnly",
                    "sourcefile": {
                      "class": "javax.tools.JavaFileObject",
                      "primitive": "specs/Test.java"
                    },
                    "name": null,
                    "keyword": {
                      "class": "java.lang.String",
                      "primitive": "signals_only"
                    },
                    "clauseKind": {
                      "class": "org.jmlspecs.openjml.IJmlClauseKind",
                      "primitive": "signals_only"
                    },
                    "exceptions": []
                  },
                  {
                    "class": "org.jmlspecs.openjml.JmlTree$JmlMethodClauseSignalsOnly",
                    "sourcefile": {
                      "class": "javax.tools.JavaFileObject",
                      "primitive": "specs/Test.java"
                    },
                    "name": null,
                    "keyword": {
                      "class": "java.lang.String",
                      "primitive": "signals_only"
                    },
                    "clauseKind": {
                      "class": "org.jmlspecs.openjml.IJmlClauseKind",
                      "primitive": "signals_only"
                    },
                    "exceptions": [
                      {
                        "class": "com.sun.tools.javac.tree.JCTree$JCIdent",
                        "name": {
                          "class": "com.sun.tools.javac.util.Name",
                          "primitive": "RuntimeException"
                        }
                      }
                    ]
                  }
                ]
              }
            ],
            "behaviors": [
              {
                "class": "org.jmlspecs.openjml.JmlTree$JmlMethodClauseBehaviors",
                "sourcefile": {
                  "class": "javax.tools.JavaFileObject",
                  "primitive": "specs/Test.java"
                },
                "name": null,
                "keyword": {
                  "class": "java.lang.String",
                  "primitive": "behaviors"
                },
                "clauseKind": {
                  "class": "org.jmlspecs.openjml.IJmlClauseKind",
                  "primitive": "behaviors"
                },
                "command": {
                  "class": "java.lang.String",
                  "primitive": "complete"
                }
              }
            ],
            "impliesThatCases": [],
            "forExampleCases": []
          },
          "body": {
            "class": "org.jmlspecs.openjml.JmlTree$JmlBlock",
            "sourcefile": null,
            "flags": {
              "class": "long",
              "primitive": "0"
            },
            "stats": [
              {
                "class": "org.jmlspecs.openjml.JmlTree$JmlVariableDecl",
                "sourcefile": {
                  "class": "javax.tools.JavaFileObject",
                  "primitive": "specs/Test.java"
                },
                "mods": {
                  "class": "org.jmlspecs.openjml.JmlTree$JmlModifiers",
                  "annotations": [],
                  "flags": {
                    "class": "long",
                    "primitive": "65536"
                  },
                  "jmlmods": [
                    {
                      "class": "com.sun.tools.javac.parser.JmlToken",
                      "primitive": "ghost"
                    }
                  ]
                },
                "name": {
                  "class": "com.sun.tools.javac.util.Name",
                  "primitive": "z"
                },
                "vartype": {
                  "class": "com.sun.tools.javac.tree.JCTree$JCPrimitiveTypeTree",
                  "typetag": {
                    "class": "com.sun.tools.javac.code.TypeTag",
                    "primitive": "INT"
                  }
                },
                "init": {
                  "class": "com.sun.tools.javac.tree.JCTree$JCLiteral",
                  "typetag": {
                    "class": "com.sun.tools.javac.code.TypeTag",
                    "primitive": "INT"
                  },
                  "value": 0
                }
              },
              {
                "class": "org.jmlspecs.openjml.JmlTree$JmlStatementExpr",
                "sourcefile": null,
                "keyword": {
                  "class": "java.lang.String",
                  "primitive": "assume"
                },
                "clauseType": {
                  "class": "org.jmlspecs.openjml.IJmlClauseKind",
                  "primitive": "assume"
                },
                "label": {
                  "class": "org.jmlspecs.openjml.esc.Label",
                  "primitive": "Assume"
                },
                "expression": {
                  "class": "com.sun.tools.javac.tree.JCTree$JCBinary",
                  "lhs": {
                    "class": "com.sun.tools.javac.tree.JCTree$JCIdent",
                    "name": {
                      "class": "com.sun.tools.javac.util.Name",
                      "primitive": "k"
                    }
                  },
                  "opcode": {
                    "class": "com.sun.tools.javac.tree.JCTree$Tag",
                    "primitive": "EQ"
                  },
                  "rhs": {
                    "class": "com.sun.tools.javac.tree.JCTree$JCLiteral",
                    "typetag": {
                      "class": "com.sun.tools.javac.code.TypeTag",
                      "primitive": "INT"
                    },
                    "value": 0
                  }
                }
              },
              {
                "class": "org.jmlspecs.openjml.JmlTree$JmlStatementExpr",
                "sourcefile": null,
                "keyword": {
                  "class": "java.lang.String",
                  "primitive": "assert"
                },
                "clauseType": {
                  "class": "org.jmlspecs.openjml.IJmlClauseKind",
                  "primitive": "assert"
                },
                "label": {
                  "class": "org.jmlspecs.openjml.esc.Label",
                  "primitive": "Assert"
                },
                "expression": {
                  "class": "com.sun.tools.javac.tree.JCTree$JCIdent",
                  "name": {
                    "class": "com.sun.tools.javac.util.Name",
                    "primitive": "b"
                  }
                }
              },
              {
                "class": "org.jmlspecs.openjml.JmlTree$JmlStatementExpr",
                "sourcefile": null,
                "keyword": {
                  "class": "java.lang.String",
                  "primitive": "check"
                },
                "clauseType": {
                  "class": "org.jmlspecs.openjml.IJmlClauseKind",
                  "primitive": "check"
                },
                "label": {
                  "class": "org.jmlspecs.openjml.esc.Label",
                  "primitive": "Assert"
                },
                "expression": {
                  "class": "com.sun.tools.javac.tree.JCTree$JCIdent",
                  "name": {
                    "class": "com.sun.tools.javac.util.Name",
                    "primitive": "b"
                  }
                }
              },
              {
                "class": "org.jmlspecs.openjml.JmlTree$JmlStatementShow",
                "name": null,
                "clauseType": {
                  "class": "org.jmlspecs.openjml.IJmlClauseKind",
                  "primitive": "show"
                },
                "expressions": [
                  {
                    "class": "com.sun.tools.javac.tree.JCTree$JCIdent",
                    "name": {
                      "class": "com.sun.tools.javac.util.Name",
                      "primitive": "b"
                    }
                  }
                ]
              },
              {
                "class": "org.jmlspecs.openjml.JmlTree$JmlStatement",
                "name": null,
                "keyword": {
                  "class": "java.lang.String",
                  "primitive": "set"
                },
                "clauseType": {
                  "class": "org.jmlspecs.openjml.IJmlClauseKind",
                  "primitive": "set"
                },
                "statement": {
                  "class": "com.sun.tools.javac.tree.JCTree$JCExpressionStatement",
                  "expr": {
                    "class": "com.sun.tools.javac.tree.JCTree$JCAssign",
                    "lhs": {
                      "class": "com.sun.tools.javac.tree.JCTree$JCIdent",
                      "name": {
                        "class": "com.sun.tools.javac.util.Name",
                        "primitive": "b"
                      }
                    },
                    "rhs": {
                      "class": "com.sun.tools.javac.tree.JCTree$JCLiteral",
                      "typetag": {
                        "class": "com.sun.tools.javac.code.TypeTag",
                        "primitive": "BOOLEAN"
                      },
                      "value": 0
                    }
                  }
                }
              },
              {
                "class": "org.jmlspecs.openjml.JmlTree$JmlWhileLoop",
                "loopSpecs": [
                  {
                    "class": "org.jmlspecs.openjml.JmlTree$JmlStatementLoopExpr",
                    "sourcefile": {
                      "class": "javax.tools.JavaFileObject",
                      "primitive": "specs/Test.java"
                    },
                    "name": null,
                    "clauseType": {
                      "class": "org.jmlspecs.openjml.IJmlClauseKind",
                      "primitive": "loop_invariant"
                    },
                    "expression": {
                      "class": "com.sun.tools.javac.tree.JCTree$JCLiteral",
                      "typetag": {
                        "class": "com.sun.tools.javac.code.TypeTag",
                        "primitive": "BOOLEAN"
                      },
                      "value": 1
                    }
                  },
                  {
                    "class": "org.jmlspecs.openjml.JmlTree$JmlStatementLoopExpr",
                    "sourcefile": {
                      "class": "javax.tools.JavaFileObject",
                      "primitive": "specs/Test.java"
                    },
                    "name": null,
                    "clauseType": {
                      "class": "org.jmlspecs.openjml.IJmlClauseKind",
                      "primitive": "loop_decreases"
                    },
                    "expression": {
                      "class": "com.sun.tools.javac.tree.JCTree$JCIdent",
                      "name": {
                        "class": "com.sun.tools.javac.util.Name",
                        "primitive": "k"
                      }
                    }
                  }
                ],
                "split": {
                  "class": "boolean",
                  "primitive": "false"
                },
                "cond": {
                  "class": "com.sun.tools.javac.tree.JCTree$JCParens",
                  "expr": {
                    "class": "com.sun.tools.javac.tree.JCTree$JCLiteral",
                    "typetag": {
                      "class": "com.sun.tools.javac.code.TypeTag",
                      "primitive": "BOOLEAN"
                    },
                    "value": 1
                  }
                },
                "body": {
                  "class": "org.jmlspecs.openjml.JmlTree$JmlBlock",
                  "sourcefile": null,
                  "flags": {
                    "class": "long",
                    "primitive": "0"
                  },
                  "stats": []
                }
              }
            ]
          },
          "defaultValue": null
        }
      ]
    }
  ]
}
