{
  "class": "$JmlCompilationUnit",
  "sourcefile": "pck/Test2.java",
  "defs": [
    {
      "class": "$JmlImport",
      "qualid": {
        "class": "$JCFieldAccess",
        "type": "null",
        "selected": {
          "class": "$JCFieldAccess",
          "type": "null",
          "selected": {
            "class": "$JCFieldAccess",
            "type": "null",
            "selected": {
              "class": "$JCIdent",
              "type": "null",
              "name": "org"
            },
            "name": "jmlspecs"
          },
          "name": "lang"
        },
        "name": "*"
      },
      "staticImport": false,
      "isModel": true
    },
    {
      "class": "$JmlClassDecl",
      "mods": {
        "class": "$JmlModifiers",
        "annotations": [],
        "flags": "",
        "jmlmods": []
      },
      "name": "C",
      "typarams": [],
      "implementing": [],
      "permitting": [],
      "defs": []
    }
  ]
}
