{
  "@class": "org.jmlspecs.openjml.JmlTree$JmlCompilationUnit",
  "sourcefile": {
    "@class": "javax.tools.JavaFileObject",
    "primitive": "pck/Test1.java"
  },
  "pid": {
    "@class": "com.sun.tools.javac.tree.JCTree$JCPackageDecl",
    "annotations": [],
    "pid": {
      "@class": "com.sun.tools.javac.tree.JCTree$JCFieldAccess",
      "selected": {
        "@class": "com.sun.tools.javac.tree.JCTree$JCFieldAccess",
        "selected": {
          "@class": "com.sun.tools.javac.tree.JCTree$JCIdent",
          "name": {
            "@class": "com.sun.tools.javac.util.Name",
            "primitive": "p"
          }
        },
        "name": {
          "@class": "com.sun.tools.javac.util.Name",
          "primitive": "q"
        }
      },
      "name": {
        "@class": "com.sun.tools.javac.util.Name",
        "primitive": "r"
      }
    }
  },
  "defs": [
    {
      "@class": "com.sun.tools.javac.tree.JCTree$JCPackageDecl",
      "annotations": [],
      "pid": {
        "@class": "com.sun.tools.javac.tree.JCTree$JCFieldAccess",
        "selected": {
          "@class": "com.sun.tools.javac.tree.JCTree$JCFieldAccess",
          "selected": {
            "@class": "com.sun.tools.javac.tree.JCTree$JCIdent",
            "name": {
              "@class": "com.sun.tools.javac.util.Name",
              "primitive": "p"
            }
          },
          "name": {
            "@class": "com.sun.tools.javac.util.Name",
            "primitive": "q"
          }
        },
        "name": {
          "@class": "com.sun.tools.javac.util.Name",
          "primitive": "r"
        }
      }
    },
    {
      "@class": "org.jmlspecs.openjml.JmlTree$JmlImport",
      "qualid": {
        "@class": "com.sun.tools.javac.tree.JCTree$JCFieldAccess",
        "selected": {
          "@class": "com.sun.tools.javac.tree.JCTree$JCFieldAccess",
          "selected": {
            "@class": "com.sun.tools.javac.tree.JCTree$JCFieldAccess",
            "selected": {
              "@class": "com.sun.tools.javac.tree.JCTree$JCIdent",
              "name": {
                "@class": "com.sun.tools.javac.util.Name",
                "primitive": "org"
              }
            },
            "name": {
              "@class": "com.sun.tools.javac.util.Name",
              "primitive": "jmlspecs"
            }
          },
          "name": {
            "@class": "com.sun.tools.javac.util.Name",
            "primitive": "lang"
          }
        },
        "name": {
          "@class": "com.sun.tools.javac.util.Name",
          "primitive": "*"
        }
      },
      "staticImport": {
        "@class": "boolean",
        "primitive": "false"
      },
      "isModel": {
        "@class": "boolean",
        "primitive": "true"
      }
    }
  ]
}
