{
  "class": "org.jmlspecs.openjml.JmlTree$JmlCompilationUnit",
  "sourcefile": {
    "class": "javax.tools.JavaFileObject",
    "primitive": "expr/Test2.java"
  },
  "pid": null,
  "defs": [
    {
      "class": "org.jmlspecs.openjml.JmlTree$JmlImport",
      "qualid": {
        "class": "com.sun.tools.javac.tree.JCTree$JCFieldAccess",
        "type": null,
        "selected": {
          "class": "com.sun.tools.javac.tree.JCTree$JCFieldAccess",
          "type": null,
          "selected": {
            "class": "com.sun.tools.javac.tree.JCTree$JCFieldAccess",
            "type": null,
            "selected": {
              "class": "com.sun.tools.javac.tree.JCTree$JCIdent",
              "type": null,
              "name": {
                "class": "com.sun.tools.javac.util.Name",
                "primitive": "org"
              }
            },
            "name": {
              "class": "com.sun.tools.javac.util.Name",
              "primitive": "jmlspecs"
            }
          },
          "name": {
            "class": "com.sun.tools.javac.util.Name",
            "primitive": "lang"
          }
        },
        "name": {
          "class": "com.sun.tools.javac.util.Name",
          "primitive": "*"
        }
      },
      "staticImport": {
        "class": "boolean",
        "primitive": "false"
      },
      "isModel": {
        "class": "boolean",
        "primitive": "true"
      }
    },
    {
      "class": "org.jmlspecs.openjml.JmlTree$JmlClassDecl",
      "sourcefile": {
        "class": "javax.tools.JavaFileObject",
        "primitive": "expr/Test2.java"
      },
      "mods": {
        "class": "org.jmlspecs.openjml.JmlTree$JmlModifiers",
        "annotations": [],
        "flags": {
          "class": "long",
          "primitive": "0"
        },
        "jmlmods": []
      },
      "name": {
        "class": "com.sun.tools.javac.util.Name",
        "primitive": "Test2"
      },
      "typarams": [],
      "extending": null,
      "implementing": [],
      "permitting": [],
      "defs": [
        {
          "class": "org.jmlspecs.openjml.JmlTree$JmlMethodDecl",
          "sourcefile": {
            "class": "javax.tools.JavaFileObject",
            "primitive": "expr/Test2.java"
          },
          "mods": {
            "class": "org.jmlspecs.openjml.JmlTree$JmlModifiers",
            "annotations": [],
            "flags": {
              "class": "long",
              "primitive": "0"
            },
            "jmlmods": []
          },
          "name": {
            "class": "com.sun.tools.javac.util.Name",
            "primitive": "m"
          },
          "restype": {
            "class": "com.sun.tools.javac.tree.JCTree$JCPrimitiveTypeTree",
            "type": null,
            "typetag": {
              "class": "com.sun.tools.javac.code.TypeTag",
              "primitive": "VOID"
            }
          },
          "typarams": [],
          "recvparam": null,
          "params": [],
          "thrown": [],
          "methodSpecs": {
            "class": "org.jmlspecs.openjml.JmlTree$JmlMethodSpecs",
            "cases": [
              {
                "class": "org.jmlspecs.openjml.JmlTree$JmlSpecificationCase",
                "sourcefile": {
                  "class": "javax.tools.JavaFileObject",
                  "primitive": "expr/Test2.java"
                },
                "also": {
                  "class": "org.jmlspecs.openjml.IJmlClauseKind",
                  "primitive": null
                },
                "modifiers": {
                  "class": "org.jmlspecs.openjml.JmlTree$JmlModifiers",
                  "annotations": [],
                  "flags": {
                    "class": "long",
                    "primitive": "0"
                  },
                  "jmlmods": []
                },
                "code": {
                  "class": "boolean",
                  "primitive": "false"
                },
                "token": {
                  "class": "org.jmlspecs.openjml.IJmlClauseKind",
                  "primitive": null
                },
                "callee_only": {
                  "class": "boolean",
                  "primitive": "false"
                },
                "clauses": [
                  {
                    "class": "org.jmlspecs.openjml.JmlTree$JmlMethodClauseExpr",
                    "sourcefile": {
                      "class": "javax.tools.JavaFileObject",
                      "primitive": "expr/Test2.java"
                    },
                    "keyword": {
                      "class": "java.lang.String",
                      "primitive": "requires"
                    },
                    "name": null,
                    "clauseKind": {
                      "class": "org.jmlspecs.openjml.IJmlClauseKind",
                      "primitive": "requires"
                    },
                    "expression": {
                      "class": "org.jmlspecs.openjml.JmlTree$JmlBinary",
                      "type": null,
                      "lhs": {
                        "class": "com.sun.tools.javac.tree.JCTree$JCLiteral",
                        "type": null,
                        "typetag": {
                          "class": "com.sun.tools.javac.code.TypeTag",
                          "primitive": "BOOLEAN"
                        },
                        "value": "1"
                      },
                      "op": "\u003d\u003d\u003e",
                      "rhs": {
                        "class": "com.sun.tools.javac.tree.JCTree$JCLiteral",
                        "type": null,
                        "typetag": {
                          "class": "com.sun.tools.javac.code.TypeTag",
                          "primitive": "BOOLEAN"
                        },
                        "value": "0"
                      }
                    },
                    "exception": null
                  },
                  {
                    "class": "org.jmlspecs.openjml.JmlTree$JmlMethodClauseExpr",
                    "sourcefile": {
                      "class": "javax.tools.JavaFileObject",
                      "primitive": "expr/Test2.java"
                    },
                    "keyword": {
                      "class": "java.lang.String",
                      "primitive": "requires"
                    },
                    "name": null,
                    "clauseKind": {
                      "class": "org.jmlspecs.openjml.IJmlClauseKind",
                      "primitive": "requires"
                    },
                    "expression": {
                      "class": "org.jmlspecs.openjml.JmlTree$JmlBinary",
                      "type": null,
                      "lhs": {
                        "class": "com.sun.tools.javac.tree.JCTree$JCLiteral",
                        "type": null,
                        "typetag": {
                          "class": "com.sun.tools.javac.code.TypeTag",
                          "primitive": "BOOLEAN"
                        },
                        "value": "1"
                      },
                      "op": "\u003c\u003d\u003d\u003e",
                      "rhs": {
                        "class": "com.sun.tools.javac.tree.JCTree$JCLiteral",
                        "type": null,
                        "typetag": {
                          "class": "com.sun.tools.javac.code.TypeTag",
                          "primitive": "BOOLEAN"
                        },
                        "value": "0"
                      }
                    },
                    "exception": null
                  },
                  {
                    "class": "org.jmlspecs.openjml.JmlTree$JmlMethodClauseExpr",
                    "sourcefile": {
                      "class": "javax.tools.JavaFileObject",
                      "primitive": "expr/Test2.java"
                    },
                    "keyword": {
                      "class": "java.lang.String",
                      "primitive": "requires"
                    },
                    "name": null,
                    "clauseKind": {
                      "class": "org.jmlspecs.openjml.IJmlClauseKind",
                      "primitive": "requires"
                    },
                    "expression": {
                      "class": "com.sun.tools.javac.tree.JCTree$JCUnary",
                      "type": null,
                      "opcode": {
                        "class": "com.sun.tools.javac.tree.JCTree$Tag",
                        "primitive": "NOT"
                      },
                      "arg": {
                        "class": "com.sun.tools.javac.tree.JCTree$JCLiteral",
                        "type": null,
                        "typetag": {
                          "class": "com.sun.tools.javac.code.TypeTag",
                          "primitive": "BOOLEAN"
                        },
                        "value": "0"
                      }
                    },
                    "exception": null
                  }
                ]
              }
            ],
            "behaviors": null,
            "impliesThatCases": [],
            "forExampleCases": []
          },
          "body": {
            "class": "org.jmlspecs.openjml.JmlTree$JmlBlock",
            "sourcefile": null,
            "flags": {
              "class": "long",
              "primitive": "0"
            },
            "stats": []
          },
          "defaultValue": null
        }
      ]
    }
  ]
}
