{
  "class": "org.jmlspecs.openjml.JmlTree$JmlCompilationUnit",
  "sourcefile": {
    "class": "javax.tools.JavaFileObject",
    "primitive": "expr/Test.java"
  },
  "pid": null,
  "defs": [
    {
      "class": "org.jmlspecs.openjml.JmlTree$JmlImport",
      "qualid": {
        "class": "com.sun.tools.javac.tree.JCTree$JCFieldAccess",
        "type": null,
        "selected": {
          "class": "com.sun.tools.javac.tree.JCTree$JCFieldAccess",
          "type": null,
          "selected": {
            "class": "com.sun.tools.javac.tree.JCTree$JCFieldAccess",
            "type": null,
            "selected": {
              "class": "com.sun.tools.javac.tree.JCTree$JCIdent",
              "type": null,
              "name": {
                "class": "com.sun.tools.javac.util.Name",
                "primitive": "org"
              }
            },
            "name": {
              "class": "com.sun.tools.javac.util.Name",
              "primitive": "jmlspecs"
            }
          },
          "name": {
            "class": "com.sun.tools.javac.util.Name",
            "primitive": "lang"
          }
        },
        "name": {
          "class": "com.sun.tools.javac.util.Name",
          "primitive": "*"
        }
      },
      "staticImport": {
        "class": "boolean",
        "primitive": "false"
      },
      "isModel": {
        "class": "boolean",
        "primitive": "true"
      }
    },
    {
      "class": "org.jmlspecs.openjml.JmlTree$JmlClassDecl",
      "sourcefile": {
        "class": "javax.tools.JavaFileObject",
        "primitive": "expr/Test.java"
      },
      "mods": {
        "class": "org.jmlspecs.openjml.JmlTree$JmlModifiers",
        "annotations": [],
        "flags": {
          "class": "long",
          "primitive": "17"
        },
        "jmlmods": []
      },
      "name": {
        "class": "com.sun.tools.javac.util.Name",
        "primitive": "Test"
      },
      "typarams": [],
      "extending": null,
      "implementing": [],
      "permitting": [],
      "defs": [
        {
          "class": "org.jmlspecs.openjml.JmlTree$JmlVariableDecl",
          "sourcefile": {
            "class": "javax.tools.JavaFileObject",
            "primitive": "expr/Test.java"
          },
          "mods": {
            "class": "org.jmlspecs.openjml.JmlTree$JmlModifiers",
            "annotations": [],
            "flags": {
              "class": "long",
              "primitive": "0"
            },
            "jmlmods": []
          },
          "name": {
            "class": "com.sun.tools.javac.util.Name",
            "primitive": "i1"
          },
          "vartype": {
            "class": "com.sun.tools.javac.tree.JCTree$JCPrimitiveTypeTree",
            "type": null,
            "typetag": {
              "class": "com.sun.tools.javac.code.TypeTag",
              "primitive": "INT"
            }
          },
          "init": {
            "class": "com.sun.tools.javac.tree.JCTree$JCUnary",
            "type": null,
            "opcode": {
              "class": "com.sun.tools.javac.tree.JCTree$Tag",
              "primitive": "NEG"
            },
            "arg": {
              "class": "com.sun.tools.javac.tree.JCTree$JCParens",
              "type": null,
              "expr": {
                "class": "com.sun.tools.javac.tree.JCTree$JCBinary",
                "type": null,
                "lhs": {
                  "class": "com.sun.tools.javac.tree.JCTree$JCLiteral",
                  "type": null,
                  "typetag": {
                    "class": "com.sun.tools.javac.code.TypeTag",
                    "primitive": "INT"
                  },
                  "value": "4"
                },
                "opcode": {
                  "class": "com.sun.tools.javac.tree.JCTree$Tag",
                  "primitive": "PLUS"
                },
                "rhs": {
                  "class": "com.sun.tools.javac.tree.JCTree$JCLiteral",
                  "type": null,
                  "typetag": {
                    "class": "com.sun.tools.javac.code.TypeTag",
                    "primitive": "INT"
                  },
                  "value": "5"
                }
              }
            }
          }
        },
        {
          "class": "org.jmlspecs.openjml.JmlTree$JmlVariableDecl",
          "sourcefile": {
            "class": "javax.tools.JavaFileObject",
            "primitive": "expr/Test.java"
          },
          "mods": {
            "class": "org.jmlspecs.openjml.JmlTree$JmlModifiers",
            "annotations": [],
            "flags": {
              "class": "long",
              "primitive": "0"
            },
            "jmlmods": []
          },
          "name": {
            "class": "com.sun.tools.javac.util.Name",
            "primitive": "i2"
          },
          "vartype": {
            "class": "com.sun.tools.javac.tree.JCTree$JCPrimitiveTypeTree",
            "type": null,
            "typetag": {
              "class": "com.sun.tools.javac.code.TypeTag",
              "primitive": "LONG"
            }
          },
          "init": {
            "class": "com.sun.tools.javac.tree.JCTree$JCLiteral",
            "type": null,
            "typetag": {
              "class": "com.sun.tools.javac.code.TypeTag",
              "primitive": "LONG"
            },
            "value": "6"
          }
        },
        {
          "class": "org.jmlspecs.openjml.JmlTree$JmlVariableDecl",
          "sourcefile": {
            "class": "javax.tools.JavaFileObject",
            "primitive": "expr/Test.java"
          },
          "mods": {
            "class": "org.jmlspecs.openjml.JmlTree$JmlModifiers",
            "annotations": [],
            "flags": {
              "class": "long",
              "primitive": "0"
            },
            "jmlmods": []
          },
          "name": {
            "class": "com.sun.tools.javac.util.Name",
            "primitive": "i3"
          },
          "vartype": {
            "class": "com.sun.tools.javac.tree.JCTree$JCPrimitiveTypeTree",
            "type": null,
            "typetag": {
              "class": "com.sun.tools.javac.code.TypeTag",
              "primitive": "CHAR"
            }
          },
          "init": {
            "class": "com.sun.tools.javac.tree.JCTree$JCLiteral",
            "type": null,
            "typetag": {
              "class": "com.sun.tools.javac.code.TypeTag",
              "primitive": "CHAR"
            },
            "value": "99"
          }
        },
        {
          "class": "org.jmlspecs.openjml.JmlTree$JmlVariableDecl",
          "sourcefile": {
            "class": "javax.tools.JavaFileObject",
            "primitive": "expr/Test.java"
          },
          "mods": {
            "class": "org.jmlspecs.openjml.JmlTree$JmlModifiers",
            "annotations": [],
            "flags": {
              "class": "long",
              "primitive": "0"
            },
            "jmlmods": []
          },
          "name": {
            "class": "com.sun.tools.javac.util.Name",
            "primitive": "i4"
          },
          "vartype": {
            "class": "com.sun.tools.javac.tree.JCTree$JCIdent",
            "type": null,
            "name": {
              "class": "com.sun.tools.javac.util.Name",
              "primitive": "String"
            }
          },
          "init": {
            "class": "com.sun.tools.javac.tree.JCTree$JCLiteral",
            "type": null,
            "typetag": {
              "class": "com.sun.tools.javac.code.TypeTag",
              "primitive": "CLASS"
            },
            "value": "123"
          }
        },
        {
          "class": "org.jmlspecs.openjml.JmlTree$JmlVariableDecl",
          "sourcefile": {
            "class": "javax.tools.JavaFileObject",
            "primitive": "expr/Test.java"
          },
          "mods": {
            "class": "org.jmlspecs.openjml.JmlTree$JmlModifiers",
            "annotations": [],
            "flags": {
              "class": "long",
              "primitive": "1"
            },
            "jmlmods": []
          },
          "name": {
            "class": "com.sun.tools.javac.util.Name",
            "primitive": "i5"
          },
          "vartype": {
            "class": "com.sun.tools.javac.tree.JCTree$JCPrimitiveTypeTree",
            "type": null,
            "typetag": {
              "class": "com.sun.tools.javac.code.TypeTag",
              "primitive": "FLOAT"
            }
          },
          "init": {
            "class": "com.sun.tools.javac.tree.JCTree$JCLiteral",
            "type": null,
            "typetag": {
              "class": "com.sun.tools.javac.code.TypeTag",
              "primitive": "FLOAT"
            },
            "value": "8.0"
          }
        },
        {
          "class": "org.jmlspecs.openjml.JmlTree$JmlVariableDecl",
          "sourcefile": {
            "class": "javax.tools.JavaFileObject",
            "primitive": "expr/Test.java"
          },
          "mods": {
            "class": "org.jmlspecs.openjml.JmlTree$JmlModifiers",
            "annotations": [],
            "flags": {
              "class": "long",
              "primitive": "2"
            },
            "jmlmods": []
          },
          "name": {
            "class": "com.sun.tools.javac.util.Name",
            "primitive": "i6"
          },
          "vartype": {
            "class": "com.sun.tools.javac.tree.JCTree$JCPrimitiveTypeTree",
            "type": null,
            "typetag": {
              "class": "com.sun.tools.javac.code.TypeTag",
              "primitive": "DOUBLE"
            }
          },
          "init": {
            "class": "com.sun.tools.javac.tree.JCTree$JCLiteral",
            "type": null,
            "typetag": {
              "class": "com.sun.tools.javac.code.TypeTag",
              "primitive": "DOUBLE"
            },
            "value": "9.0"
          }
        },
        {
          "class": "org.jmlspecs.openjml.JmlTree$JmlVariableDecl",
          "sourcefile": {
            "class": "javax.tools.JavaFileObject",
            "primitive": "expr/Test.java"
          },
          "mods": {
            "class": "org.jmlspecs.openjml.JmlTree$JmlModifiers",
            "annotations": [],
            "flags": {
              "class": "long",
              "primitive": "8"
            },
            "jmlmods": []
          },
          "name": {
            "class": "com.sun.tools.javac.util.Name",
            "primitive": "i7"
          },
          "vartype": {
            "class": "com.sun.tools.javac.tree.JCTree$JCPrimitiveTypeTree",
            "type": null,
            "typetag": {
              "class": "com.sun.tools.javac.code.TypeTag",
              "primitive": "BOOLEAN"
            }
          },
          "init": {
            "class": "com.sun.tools.javac.tree.JCTree$JCLiteral",
            "type": null,
            "typetag": {
              "class": "com.sun.tools.javac.code.TypeTag",
              "primitive": "BOOLEAN"
            },
            "value": "0"
          }
        },
        {
          "class": "org.jmlspecs.openjml.JmlTree$JmlVariableDecl",
          "sourcefile": {
            "class": "javax.tools.JavaFileObject",
            "primitive": "expr/Test.java"
          },
          "mods": {
            "class": "org.jmlspecs.openjml.JmlTree$JmlModifiers",
            "annotations": [],
            "flags": {
              "class": "long",
              "primitive": "16"
            },
            "jmlmods": []
          },
          "name": {
            "class": "com.sun.tools.javac.util.Name",
            "primitive": "i8"
          },
          "vartype": {
            "class": "com.sun.tools.javac.tree.JCTree$JCPrimitiveTypeTree",
            "type": null,
            "typetag": {
              "class": "com.sun.tools.javac.code.TypeTag",
              "primitive": "BOOLEAN"
            }
          },
          "init": {
            "class": "com.sun.tools.javac.tree.JCTree$JCLiteral",
            "type": null,
            "typetag": {
              "class": "com.sun.tools.javac.code.TypeTag",
              "primitive": "BOOLEAN"
            },
            "value": "1"
          }
        },
        {
          "class": "org.jmlspecs.openjml.JmlTree$JmlVariableDecl",
          "sourcefile": {
            "class": "javax.tools.JavaFileObject",
            "primitive": "expr/Test.java"
          },
          "mods": {
            "class": "org.jmlspecs.openjml.JmlTree$JmlModifiers",
            "annotations": [],
            "flags": {
              "class": "long",
              "primitive": "0"
            },
            "jmlmods": []
          },
          "name": {
            "class": "com.sun.tools.javac.util.Name",
            "primitive": "i9"
          },
          "vartype": {
            "class": "com.sun.tools.javac.tree.JCTree$JCPrimitiveTypeTree",
            "type": null,
            "typetag": {
              "class": "com.sun.tools.javac.code.TypeTag",
              "primitive": "INT"
            }
          },
          "init": {
            "class": "com.sun.tools.javac.tree.JCTree$JCLiteral",
            "type": null,
            "typetag": {
              "class": "com.sun.tools.javac.code.TypeTag",
              "primitive": "INT"
            },
            "value": "485"
          }
        },
        {
          "class": "org.jmlspecs.openjml.JmlTree$JmlVariableDecl",
          "sourcefile": {
            "class": "javax.tools.JavaFileObject",
            "primitive": "expr/Test.java"
          },
          "mods": {
            "class": "org.jmlspecs.openjml.JmlTree$JmlModifiers",
            "annotations": [],
            "flags": {
              "class": "long",
              "primitive": "0"
            },
            "jmlmods": []
          },
          "name": {
            "class": "com.sun.tools.javac.util.Name",
            "primitive": "i10"
          },
          "vartype": {
            "class": "com.sun.tools.javac.tree.JCTree$JCPrimitiveTypeTree",
            "type": null,
            "typetag": {
              "class": "com.sun.tools.javac.code.TypeTag",
              "primitive": "INT"
            }
          },
          "init": {
            "class": "com.sun.tools.javac.tree.JCTree$JCLiteral",
            "type": null,
            "typetag": {
              "class": "com.sun.tools.javac.code.TypeTag",
              "primitive": "INT"
            },
            "value": "57005"
          }
        },
        {
          "class": "org.jmlspecs.openjml.JmlTree$JmlVariableDecl",
          "sourcefile": {
            "class": "javax.tools.JavaFileObject",
            "primitive": "expr/Test.java"
          },
          "mods": {
            "class": "org.jmlspecs.openjml.JmlTree$JmlModifiers",
            "annotations": [],
            "flags": {
              "class": "long",
              "primitive": "0"
            },
            "jmlmods": []
          },
          "name": {
            "class": "com.sun.tools.javac.util.Name",
            "primitive": "i11"
          },
          "vartype": {
            "class": "com.sun.tools.javac.tree.JCTree$JCPrimitiveTypeTree",
            "type": null,
            "typetag": {
              "class": "com.sun.tools.javac.code.TypeTag",
              "primitive": "INT"
            }
          },
          "init": {
            "class": "com.sun.tools.javac.tree.JCTree$JCLiteral",
            "type": null,
            "typetag": {
              "class": "com.sun.tools.javac.code.TypeTag",
              "primitive": "INT"
            },
            "value": "11"
          }
        },
        {
          "class": "org.jmlspecs.openjml.JmlTree$JmlVariableDecl",
          "sourcefile": {
            "class": "javax.tools.JavaFileObject",
            "primitive": "expr/Test.java"
          },
          "mods": {
            "class": "org.jmlspecs.openjml.JmlTree$JmlModifiers",
            "annotations": [],
            "flags": {
              "class": "long",
              "primitive": "0"
            },
            "jmlmods": []
          },
          "name": {
            "class": "com.sun.tools.javac.util.Name",
            "primitive": "b"
          },
          "vartype": {
            "class": "com.sun.tools.javac.tree.JCTree$JCPrimitiveTypeTree",
            "type": null,
            "typetag": {
              "class": "com.sun.tools.javac.code.TypeTag",
              "primitive": "BYTE"
            }
          },
          "init": {
            "class": "com.sun.tools.javac.tree.JCTree$JCLiteral",
            "type": null,
            "typetag": {
              "class": "com.sun.tools.javac.code.TypeTag",
              "primitive": "INT"
            },
            "value": "23"
          }
        },
        {
          "class": "org.jmlspecs.openjml.JmlTree$JmlVariableDecl",
          "sourcefile": {
            "class": "javax.tools.JavaFileObject",
            "primitive": "expr/Test.java"
          },
          "mods": {
            "class": "org.jmlspecs.openjml.JmlTree$JmlModifiers",
            "annotations": [],
            "flags": {
              "class": "long",
              "primitive": "0"
            },
            "jmlmods": []
          },
          "name": {
            "class": "com.sun.tools.javac.util.Name",
            "primitive": "s"
          },
          "vartype": {
            "class": "com.sun.tools.javac.tree.JCTree$JCPrimitiveTypeTree",
            "type": null,
            "typetag": {
              "class": "com.sun.tools.javac.code.TypeTag",
              "primitive": "SHORT"
            }
          },
          "init": {
            "class": "com.sun.tools.javac.tree.JCTree$JCLiteral",
            "type": null,
            "typetag": {
              "class": "com.sun.tools.javac.code.TypeTag",
              "primitive": "INT"
            },
            "value": "34"
          }
        }
      ]
    }
  ]
}
