{
  "class": "org.jmlspecs.openjml.JmlTree$JmlCompilationUnit",
  "sourcefile": {
    "class": "javax.tools.JavaFileObject",
    "primitive": "expr/Test1.java"
  },
  "pid": null,
  "defs": [
    {
      "class": "org.jmlspecs.openjml.JmlTree$JmlImport",
      "qualid": {
        "class": "com.sun.tools.javac.tree.JCTree$JCFieldAccess",
        "selected": {
          "class": "com.sun.tools.javac.tree.JCTree$JCFieldAccess",
          "selected": {
            "class": "com.sun.tools.javac.tree.JCTree$JCFieldAccess",
            "selected": {
              "class": "com.sun.tools.javac.tree.JCTree$JCIdent",
              "name": {
                "class": "com.sun.tools.javac.util.Name",
                "primitive": "org"
              }
            },
            "name": {
              "class": "com.sun.tools.javac.util.Name",
              "primitive": "jmlspecs"
            }
          },
          "name": {
            "class": "com.sun.tools.javac.util.Name",
            "primitive": "lang"
          }
        },
        "name": {
          "class": "com.sun.tools.javac.util.Name",
          "primitive": "*"
        }
      },
      "staticImport": {
        "class": "boolean",
        "primitive": "false"
      },
      "isModel": {
        "class": "boolean",
        "primitive": "true"
      }
    },
    {
      "class": "org.jmlspecs.openjml.JmlTree$JmlClassDecl",
      "sourcefile": {
        "class": "javax.tools.JavaFileObject",
        "primitive": "expr/Test1.java"
      },
      "mods": {
        "class": "org.jmlspecs.openjml.JmlTree$JmlModifiers",
        "annotations": [],
        "flags": {
          "class": "long",
          "primitive": "0"
        },
        "jmlmods": []
      },
      "name": {
        "class": "com.sun.tools.javac.util.Name",
        "primitive": "Test1"
      },
      "typarams": [],
      "extending": null,
      "implementing": [],
      "permitting": [],
      "defs": [
        {
          "class": "org.jmlspecs.openjml.JmlTree$JmlVariableDecl",
          "sourcefile": {
            "class": "javax.tools.JavaFileObject",
            "primitive": "expr/Test1.java"
          },
          "mods": {
            "class": "org.jmlspecs.openjml.JmlTree$JmlModifiers",
            "annotations": [],
            "flags": {
              "class": "long",
              "primitive": "0"
            },
            "jmlmods": []
          },
          "name": {
            "class": "com.sun.tools.javac.util.Name",
            "primitive": "x1"
          },
          "vartype": {
            "class": "com.sun.tools.javac.tree.JCTree$JCPrimitiveTypeTree",
            "typetag": {
              "class": "com.sun.tools.javac.code.TypeTag",
              "primitive": "INT"
            }
          },
          "init": {
            "class": "com.sun.tools.javac.tree.JCTree$JCBinary",
            "lhs": {
              "class": "com.sun.tools.javac.tree.JCTree$JCLiteral",
              "typetag": {
                "class": "com.sun.tools.javac.code.TypeTag",
                "primitive": "INT"
              },
              "value": 4
            },
            "opcode": {
              "class": "com.sun.tools.javac.tree.JCTree$Tag",
              "primitive": "PLUS"
            },
            "rhs": {
              "class": "com.sun.tools.javac.tree.JCTree$JCLiteral",
              "typetag": {
                "class": "com.sun.tools.javac.code.TypeTag",
                "primitive": "INT"
              },
              "value": 6
            }
          }
        },
        {
          "class": "org.jmlspecs.openjml.JmlTree$JmlVariableDecl",
          "sourcefile": {
            "class": "javax.tools.JavaFileObject",
            "primitive": "expr/Test1.java"
          },
          "mods": {
            "class": "org.jmlspecs.openjml.JmlTree$JmlModifiers",
            "annotations": [],
            "flags": {
              "class": "long",
              "primitive": "0"
            },
            "jmlmods": []
          },
          "name": {
            "class": "com.sun.tools.javac.util.Name",
            "primitive": "x2"
          },
          "vartype": {
            "class": "com.sun.tools.javac.tree.JCTree$JCPrimitiveTypeTree",
            "typetag": {
              "class": "com.sun.tools.javac.code.TypeTag",
              "primitive": "INT"
            }
          },
          "init": {
            "class": "com.sun.tools.javac.tree.JCTree$JCUnary",
            "opcode": {
              "class": "com.sun.tools.javac.tree.JCTree$Tag",
              "primitive": "NEG"
            },
            "arg": {
              "class": "com.sun.tools.javac.tree.JCTree$JCIdent",
              "name": {
                "class": "com.sun.tools.javac.util.Name",
                "primitive": "x1"
              }
            }
          }
        },
        {
          "class": "org.jmlspecs.openjml.JmlTree$JmlVariableDecl",
          "sourcefile": {
            "class": "javax.tools.JavaFileObject",
            "primitive": "expr/Test1.java"
          },
          "mods": {
            "class": "org.jmlspecs.openjml.JmlTree$JmlModifiers",
            "annotations": [],
            "flags": {
              "class": "long",
              "primitive": "0"
            },
            "jmlmods": []
          },
          "name": {
            "class": "com.sun.tools.javac.util.Name",
            "primitive": "x3"
          },
          "vartype": {
            "class": "com.sun.tools.javac.tree.JCTree$JCPrimitiveTypeTree",
            "typetag": {
              "class": "com.sun.tools.javac.code.TypeTag",
              "primitive": "INT"
            }
          },
          "init": {
            "class": "com.sun.tools.javac.tree.JCTree$JCConditional",
            "cond": {
              "class": "com.sun.tools.javac.tree.JCTree$JCLiteral",
              "typetag": {
                "class": "com.sun.tools.javac.code.TypeTag",
                "primitive": "BOOLEAN"
              },
              "value": 1
            },
            "truepart": {
              "class": "com.sun.tools.javac.tree.JCTree$JCIdent",
              "name": {
                "class": "com.sun.tools.javac.util.Name",
                "primitive": "x1"
              }
            },
            "falsepart": {
              "class": "com.sun.tools.javac.tree.JCTree$JCIdent",
              "name": {
                "class": "com.sun.tools.javac.util.Name",
                "primitive": "x2"
              }
            }
          }
        },
        {
          "class": "org.jmlspecs.openjml.JmlTree$JmlVariableDecl",
          "sourcefile": {
            "class": "javax.tools.JavaFileObject",
            "primitive": "expr/Test1.java"
          },
          "mods": {
            "class": "org.jmlspecs.openjml.JmlTree$JmlModifiers",
            "annotations": [],
            "flags": {
              "class": "long",
              "primitive": "0"
            },
            "jmlmods": []
          },
          "name": {
            "class": "com.sun.tools.javac.util.Name",
            "primitive": "x4"
          },
          "vartype": {
            "class": "com.sun.tools.javac.tree.JCTree$JCPrimitiveTypeTree",
            "typetag": {
              "class": "com.sun.tools.javac.code.TypeTag",
              "primitive": "INT"
            }
          },
          "init": {
            "class": "com.sun.tools.javac.tree.JCTree$JCMethodInvocation",
            "typeargs": [],
            "meth": {
              "class": "com.sun.tools.javac.tree.JCTree$JCFieldAccess",
              "selected": {
                "class": "com.sun.tools.javac.tree.JCTree$JCFieldAccess",
                "selected": {
                  "class": "com.sun.tools.javac.tree.JCTree$JCFieldAccess",
                  "selected": {
                    "class": "com.sun.tools.javac.tree.JCTree$JCIdent",
                    "name": {
                      "class": "com.sun.tools.javac.util.Name",
                      "primitive": "java"
                    }
                  },
                  "name": {
                    "class": "com.sun.tools.javac.util.Name",
                    "primitive": "lang"
                  }
                },
                "name": {
                  "class": "com.sun.tools.javac.util.Name",
                  "primitive": "Math"
                }
              },
              "name": {
                "class": "com.sun.tools.javac.util.Name",
                "primitive": "abs"
              }
            },
            "args": [
              {
                "class": "com.sun.tools.javac.tree.JCTree$JCIdent",
                "name": {
                  "class": "com.sun.tools.javac.util.Name",
                  "primitive": "x3"
                }
              }
            ]
          }
        },
        {
          "class": "org.jmlspecs.openjml.JmlTree$JmlVariableDecl",
          "sourcefile": {
            "class": "javax.tools.JavaFileObject",
            "primitive": "expr/Test1.java"
          },
          "mods": {
            "class": "org.jmlspecs.openjml.JmlTree$JmlModifiers",
            "annotations": [],
            "flags": {
              "class": "long",
              "primitive": "0"
            },
            "jmlmods": []
          },
          "name": {
            "class": "com.sun.tools.javac.util.Name",
            "primitive": "o"
          },
          "vartype": {
            "class": "com.sun.tools.javac.tree.JCTree$JCIdent",
            "name": {
              "class": "com.sun.tools.javac.util.Name",
              "primitive": "Object"
            }
          },
          "init": {
            "class": "com.sun.tools.javac.tree.JCTree$JCTypeCast",
            "clazz": {
              "class": "com.sun.tools.javac.tree.JCTree$JCFieldAccess",
              "selected": {
                "class": "com.sun.tools.javac.tree.JCTree$JCFieldAccess",
                "selected": {
                  "class": "com.sun.tools.javac.tree.JCTree$JCIdent",
                  "name": {
                    "class": "com.sun.tools.javac.util.Name",
                    "primitive": "java"
                  }
                },
                "name": {
                  "class": "com.sun.tools.javac.util.Name",
                  "primitive": "lang"
                }
              },
              "name": {
                "class": "com.sun.tools.javac.util.Name",
                "primitive": "String"
              }
            },
            "expr": {
              "class": "com.sun.tools.javac.tree.JCTree$JCParens",
              "expr": {
                "class": "com.sun.tools.javac.tree.JCTree$JCMethodInvocation",
                "typeargs": [],
                "meth": {
                  "class": "com.sun.tools.javac.tree.JCTree$JCFieldAccess",
                  "selected": {
                    "class": "com.sun.tools.javac.tree.JCTree$JCParens",
                    "expr": {
                      "class": "com.sun.tools.javac.tree.JCTree$JCTypeCast",
                      "clazz": {
                        "class": "com.sun.tools.javac.tree.JCTree$JCIdent",
                        "name": {
                          "class": "com.sun.tools.javac.util.Name",
                          "primitive": "Integer"
                        }
                      },
                      "expr": {
                        "class": "com.sun.tools.javac.tree.JCTree$JCIdent",
                        "name": {
                          "class": "com.sun.tools.javac.util.Name",
                          "primitive": "x1"
                        }
                      }
                    }
                  },
                  "name": {
                    "class": "com.sun.tools.javac.util.Name",
                    "primitive": "toString"
                  }
                },
                "args": []
              }
            }
          }
        },
        {
          "class": "org.jmlspecs.openjml.JmlTree$JmlVariableDecl",
          "sourcefile": {
            "class": "javax.tools.JavaFileObject",
            "primitive": "expr/Test1.java"
          },
          "mods": {
            "class": "org.jmlspecs.openjml.JmlTree$JmlModifiers",
            "annotations": [],
            "flags": {
              "class": "long",
              "primitive": "0"
            },
            "jmlmods": []
          },
          "name": {
            "class": "com.sun.tools.javac.util.Name",
            "primitive": "b"
          },
          "vartype": {
            "class": "com.sun.tools.javac.tree.JCTree$JCPrimitiveTypeTree",
            "typetag": {
              "class": "com.sun.tools.javac.code.TypeTag",
              "primitive": "BOOLEAN"
            }
          },
          "init": {
            "class": "com.sun.tools.javac.tree.JCTree$JCInstanceOf",
            "expr": {
              "class": "com.sun.tools.javac.tree.JCTree$JCIdent",
              "name": {
                "class": "com.sun.tools.javac.util.Name",
                "primitive": "o"
              }
            },
            "pattern": {
              "class": "com.sun.tools.javac.tree.JCTree$JCIdent",
              "name": {
                "class": "com.sun.tools.javac.util.Name",
                "primitive": "String"
              }
            }
          }
        },
        {
          "class": "org.jmlspecs.openjml.JmlTree$JmlVariableDecl",
          "sourcefile": {
            "class": "javax.tools.JavaFileObject",
            "primitive": "expr/Test1.java"
          },
          "mods": {
            "class": "org.jmlspecs.openjml.JmlTree$JmlModifiers",
            "annotations": [],
            "flags": {
              "class": "long",
              "primitive": "0"
            },
            "jmlmods": []
          },
          "name": {
            "class": "com.sun.tools.javac.util.Name",
            "primitive": "a"
          },
          "vartype": {
            "class": "com.sun.tools.javac.tree.JCTree$JCArrayTypeTree",
            "elemtype": {
              "class": "com.sun.tools.javac.tree.JCTree$JCPrimitiveTypeTree",
              "typetag": {
                "class": "com.sun.tools.javac.code.TypeTag",
                "primitive": "INT"
              }
            }
          },
          "init": {
            "class": "com.sun.tools.javac.tree.JCTree$JCNewArray",
            "annotations": [],
            "dimAnnotations": [],
            "elemtype": {
              "class": "com.sun.tools.javac.tree.JCTree$JCPrimitiveTypeTree",
              "typetag": {
                "class": "com.sun.tools.javac.code.TypeTag",
                "primitive": "INT"
              }
            },
            "dims": [],
            "elems": [
              {
                "class": "com.sun.tools.javac.tree.JCTree$JCLiteral",
                "typetag": {
                  "class": "com.sun.tools.javac.code.TypeTag",
                  "primitive": "INT"
                },
                "value": "0"
              }
            ]
          }
        },
        {
          "class": "org.jmlspecs.openjml.JmlTree$JmlVariableDecl",
          "sourcefile": {
            "class": "javax.tools.JavaFileObject",
            "primitive": "expr/Test1.java"
          },
          "mods": {
            "class": "org.jmlspecs.openjml.JmlTree$JmlModifiers",
            "annotations": [],
            "flags": {
              "class": "long",
              "primitive": "0"
            },
            "jmlmods": []
          },
          "name": {
            "class": "com.sun.tools.javac.util.Name",
            "primitive": "o"
          },
          "vartype": {
            "class": "com.sun.tools.javac.tree.JCTree$JCArrayTypeTree",
            "elemtype": {
              "class": "com.sun.tools.javac.tree.JCTree$JCIdent",
              "name": {
                "class": "com.sun.tools.javac.util.Name",
                "primitive": "Object"
              }
            }
          },
          "init": {
            "class": "com.sun.tools.javac.tree.JCTree$JCNewArray",
            "annotations": [],
            "dimAnnotations": [
              []
            ],
            "elemtype": {
              "class": "com.sun.tools.javac.tree.JCTree$JCIdent",
              "name": {
                "class": "com.sun.tools.javac.util.Name",
                "primitive": "Object"
              }
            },
            "dims": [
              {
                "class": "com.sun.tools.javac.tree.JCTree$JCArrayAccess",
                "indexed": {
                  "class": "com.sun.tools.javac.tree.JCTree$JCIdent",
                  "name": {
                    "class": "com.sun.tools.javac.util.Name",
                    "primitive": "a"
                  }
                },
                "index": {
                  "class": "com.sun.tools.javac.tree.JCTree$JCLiteral",
                  "typetag": {
                    "class": "com.sun.tools.javac.code.TypeTag",
                    "primitive": "INT"
                  },
                  "value": "0"
                }
              }
            ],
            "elems": null
          }
        },
        {
          "class": "org.jmlspecs.openjml.JmlTree$JmlVariableDecl",
          "sourcefile": {
            "class": "javax.tools.JavaFileObject",
            "primitive": "expr/Test1.java"
          },
          "mods": {
            "class": "org.jmlspecs.openjml.JmlTree$JmlModifiers",
            "annotations": [],
            "flags": {
              "class": "long",
              "primitive": "0"
            },
            "jmlmods": []
          },
          "name": {
            "class": "com.sun.tools.javac.util.Name",
            "primitive": "x"
          },
          "vartype": {
            "class": "com.sun.tools.javac.tree.JCTree$JCIdent",
            "name": {
              "class": "com.sun.tools.javac.util.Name",
              "primitive": "Test1"
            }
          },
          "init": {
            "class": "org.jmlspecs.openjml.JmlTree$JmlNewClass",
            "encl": null,
            "typeargs": [],
            "clazz": {
              "class": "com.sun.tools.javac.tree.JCTree$JCIdent",
              "name": {
                "class": "com.sun.tools.javac.util.Name",
                "primitive": "Test1"
              }
            },
            "args": [],
            "def": null
          }
        },
        {
          "class": "org.jmlspecs.openjml.JmlTree$JmlVariableDecl",
          "sourcefile": {
            "class": "javax.tools.JavaFileObject",
            "primitive": "expr/Test1.java"
          },
          "mods": {
            "class": "org.jmlspecs.openjml.JmlTree$JmlModifiers",
            "annotations": [],
            "flags": {
              "class": "long",
              "primitive": "0"
            },
            "jmlmods": []
          },
          "name": {
            "class": "com.sun.tools.javac.util.Name",
            "primitive": "z"
          },
          "vartype": {
            "class": "com.sun.tools.javac.tree.JCTree$JCPrimitiveTypeTree",
            "typetag": {
              "class": "com.sun.tools.javac.code.TypeTag",
              "primitive": "INT"
            }
          },
          "init": {
            "class": "com.sun.tools.javac.tree.JCTree$JCSwitchExpression",
            "selector": {
              "class": "com.sun.tools.javac.tree.JCTree$JCParens",
              "expr": {
                "class": "com.sun.tools.javac.tree.JCTree$JCIdent",
                "name": {
                  "class": "com.sun.tools.javac.util.Name",
                  "primitive": "x1"
                }
              }
            },
            "cases": [
              {
                "class": "org.jmlspecs.openjml.JmlTree$JmlCase",
                "caseKind": {
                  "class": "com.sun.source.tree.CaseTree$CaseKind",
                  "primitive": "RULE"
                },
                "labels": [
                  {
                    "class": "com.sun.tools.javac.tree.JCTree$JCConstantCaseLabel",
                    "expr": {
                      "class": "com.sun.tools.javac.tree.JCTree$JCLiteral",
                      "typetag": {
                        "class": "com.sun.tools.javac.code.TypeTag",
                        "primitive": "INT"
                      },
                      "value": 0
                    }
                  }
                ],
                "guard": null,
                "stats": [
                  {
                    "class": "com.sun.tools.javac.tree.JCTree$JCYield",
                    "value": {
                      "class": "com.sun.tools.javac.tree.JCTree$JCLiteral",
                      "typetag": {
                        "class": "com.sun.tools.javac.code.TypeTag",
                        "primitive": "INT"
                      },
                      "value": 5
                    }
                  }
                ],
                "body": {
                  "class": "com.sun.tools.javac.tree.JCTree$JCLiteral",
                  "typetag": {
                    "class": "com.sun.tools.javac.code.TypeTag",
                    "primitive": "INT"
                  },
                  "value": 5
                }
              },
              {
                "class": "org.jmlspecs.openjml.JmlTree$JmlCase",
                "caseKind": {
                  "class": "com.sun.source.tree.CaseTree$CaseKind",
                  "primitive": "RULE"
                },
                "labels": [
                  {
                    "class": "com.sun.tools.javac.tree.JCTree$JCDefaultCaseLabel"
                  }
                ],
                "guard": null,
                "stats": [
                  {
                    "class": "com.sun.tools.javac.tree.JCTree$JCYield",
                    "value": {
                      "class": "com.sun.tools.javac.tree.JCTree$JCLiteral",
                      "typetag": {
                        "class": "com.sun.tools.javac.code.TypeTag",
                        "primitive": "INT"
                      },
                      "value": 10
                    }
                  }
                ],
                "body": {
                  "class": "com.sun.tools.javac.tree.JCTree$JCLiteral",
                  "typetag": {
                    "class": "com.sun.tools.javac.code.TypeTag",
                    "primitive": "INT"
                  },
                  "value": 10
                }
              }
            ]
          }
        }
      ]
    }
  ]
}
