{
  "@class": "org.jmlspecs.openjml.JmlTree$JmlCompilationUnit",
  "@id": "18",
  "sourcefile": {
    "@class": "javax.tools.JavaFileObject",
    "@id": "19",
    "primitive": "TestP.java"
  },
  "pid": {
    "@class": "com.sun.tools.javac.tree.JCTree$JCPackageDecl",
    "@id": "20",
    "annotations": [],
    "pid": {
      "@class": "com.sun.tools.javac.tree.JCTree$JCIdent",
      "@id": "21",
      "name": {
        "@class": "com.sun.tools.javac.util.Name",
        "@id": "22",
        "primitive": "p"
      }
    }
  },
  "defs": [
    {
      "@class": "com.sun.tools.javac.tree.JCTree$JCPackageDecl",
      "@ref": "20",
      "annotations": [],
      "pid": {
        "@class": "com.sun.tools.javac.tree.JCTree$JCIdent",
        "@ref": "21",
        "name": {
          "@class": "com.sun.tools.javac.util.Name",
          "@ref": "22",
          "primitive": "p"
        }
      }
    },
    {
      "@class": "org.jmlspecs.openjml.JmlTree$JmlImport",
      "@id": "23",
      "qualid": {
        "@class": "com.sun.tools.javac.tree.JCTree$JCFieldAccess",
        "@id": "24",
        "selected": {
          "@class": "com.sun.tools.javac.tree.JCTree$JCFieldAccess",
          "@id": "25",
          "selected": {
            "@class": "com.sun.tools.javac.tree.JCTree$JCFieldAccess",
            "@id": "26",
            "selected": {
              "@class": "com.sun.tools.javac.tree.JCTree$JCIdent",
              "@id": "27",
              "name": {
                "@class": "com.sun.tools.javac.util.Name",
                "@ref": "8",
                "primitive": "org"
              }
            },
            "name": {
              "@class": "com.sun.tools.javac.util.Name",
              "@ref": "9",
              "primitive": "jmlspecs"
            }
          },
          "name": {
            "@class": "com.sun.tools.javac.util.Name",
            "@ref": "10",
            "primitive": "lang"
          }
        },
        "name": {
          "@class": "com.sun.tools.javac.util.Name",
          "@ref": "11",
          "primitive": "*"
        }
      },
      "staticImport": {
        "@class": "boolean",
        "primitive": "false"
      },
      "isModel": {
        "@class": "boolean",
        "primitive": "true"
      }
    },
    {
      "@class": "org.jmlspecs.openjml.JmlTree$JmlClassDecl",
      "@id": "28",
      "sourcefile": {
        "@class": "javax.tools.JavaFileObject",
        "@ref": "19",
        "primitive": "TestP.java"
      },
      "mods": {
        "@class": "org.jmlspecs.openjml.JmlTree$JmlModifiers",
        "@id": "29",
        "annotations": [],
        "flags": {
          "@class": "long",
          "primitive": "0"
        },
        "jmlmods": []
      },
      "name": {
        "@class": "com.sun.tools.javac.util.Name",
        "@id": "30",
        "primitive": "CC"
      },
      "typarams": [],
      "extending": null,
      "implementing": [],
      "permitting": [],
      "defs": []
    }
  ]
}
