{
  "@class": "org.jmlspecs.openjml.JmlTree$JmlCompilationUnit",
  "@id": "1",
  "sourcefile": {
    "@class": "javax.tools.JavaFileObject",
    "@id": "2",
    "primitive": "Test.java"
  },
  "pid": null,
  "defs": [
    {
      "@class": "org.jmlspecs.openjml.JmlTree$JmlImport",
      "@id": "3",
      "qualid": {
        "@class": "com.sun.tools.javac.tree.JCTree$JCFieldAccess",
        "@id": "4",
        "selected": {
          "@class": "com.sun.tools.javac.tree.JCTree$JCFieldAccess",
          "@id": "5",
          "selected": {
            "@class": "com.sun.tools.javac.tree.JCTree$JCFieldAccess",
            "@id": "6",
            "selected": {
              "@class": "com.sun.tools.javac.tree.JCTree$JCIdent",
              "@id": "7",
              "name": {
                "@class": "com.sun.tools.javac.util.Name",
                "@id": "8",
                "primitive": "org"
              }
            },
            "name": {
              "@class": "com.sun.tools.javac.util.Name",
              "@id": "9",
              "primitive": "jmlspecs"
            }
          },
          "name": {
            "@class": "com.sun.tools.javac.util.Name",
            "@id": "10",
            "primitive": "lang"
          }
        },
        "name": {
          "@class": "com.sun.tools.javac.util.Name",
          "@id": "11",
          "primitive": "*"
        }
      },
      "staticImport": {
        "@class": "boolean",
        "primitive": "false"
      },
      "isModel": {
        "@class": "boolean",
        "primitive": "true"
      }
    },
    {
      "@class": "org.jmlspecs.openjml.JmlTree$JmlClassDecl",
      "@id": "12",
      "sourcefile": {
        "@class": "javax.tools.JavaFileObject",
        "@ref": "2",
        "primitive": "Test.java"
      },
      "mods": {
        "@class": "org.jmlspecs.openjml.JmlTree$JmlModifiers",
        "@id": "13",
        "annotations": [],
        "flags": {
          "@class": "long",
          "primitive": "0"
        },
        "jmlmods": []
      },
      "name": {
        "@class": "com.sun.tools.javac.util.Name",
        "@id": "14",
        "primitive": "A"
      },
      "typarams": [],
      "extending": null,
      "implementing": [],
      "permitting": [],
      "defs": []
    },
    {
      "@class": "org.jmlspecs.openjml.JmlTree$JmlClassDecl",
      "@id": "15",
      "sourcefile": {
        "@class": "javax.tools.JavaFileObject",
        "@ref": "2",
        "primitive": "Test.java"
      },
      "mods": {
        "@class": "org.jmlspecs.openjml.JmlTree$JmlModifiers",
        "@id": "16",
        "annotations": [],
        "flags": {
          "@class": "long",
          "primitive": "0"
        },
        "jmlmods": []
      },
      "name": {
        "@class": "com.sun.tools.javac.util.Name",
        "@id": "17",
        "primitive": "C"
      },
      "typarams": [],
      "extending": null,
      "implementing": [],
      "permitting": [],
      "defs": []
    }
  ]
}
