JmlCompilationUnit
  JmlImport model
    JCFieldAccess: * org.jmlspecs.lang.*
      JCFieldAccess: lang org.jmlspecs.lang
        JCFieldAccess: jmlspecs org.jmlspecs
          JCIdent: org
  JmlClassDecl: Test
  JmlClassDecl: B

JmlCompilationUnit
  JmlImport model
    JCFieldAccess: * org.jmlspecs.lang.*
      JCFieldAccess: lang org.jmlspecs.lang
        JCFieldAccess: jmlspecs org.jmlspecs
          JCIdent: org
  JmlClassDecl: Test
  JmlClassDecl: B

