{
  "@class": "org.jmlspecs.openjml.JmlTree$JmlCompilationUnit",
  "@id": "1",
  "sourcefile": {
    "@class": "javax.tools.JavaFileObject",
    "@id": "2",
    "primitive": "stat/Record.java"
  },
  "pid": null,
  "defs": [
    {
      "@class": "org.jmlspecs.openjml.JmlTree$JmlImport",
      "@id": "3",
      "qualid": {
        "@class": "com.sun.tools.javac.tree.JCTree$JCFieldAccess",
        "@id": "4",
        "selected": {
          "@class": "com.sun.tools.javac.tree.JCTree$JCFieldAccess",
          "@id": "5",
          "selected": {
            "@class": "com.sun.tools.javac.tree.JCTree$JCFieldAccess",
            "@id": "6",
            "selected": {
              "@class": "com.sun.tools.javac.tree.JCTree$JCIdent",
              "@id": "7",
              "name": {
                "@class": "com.sun.tools.javac.util.Name",
                "@id": "8",
                "primitive": "org"
              }
            },
            "name": {
              "@class": "com.sun.tools.javac.util.Name",
              "@id": "9",
              "primitive": "jmlspecs"
            }
          },
          "name": {
            "@class": "com.sun.tools.javac.util.Name",
            "@id": "10",
            "primitive": "lang"
          }
        },
        "name": {
          "@class": "com.sun.tools.javac.util.Name",
          "@id": "11",
          "primitive": "*"
        }
      },
      "staticImport": {
        "@class": "boolean",
        "primitive": "false"
      },
      "isModel": {
        "@class": "boolean",
        "primitive": "true"
      }
    },
    {
      "@class": "org.jmlspecs.openjml.JmlTree$JmlClassDecl",
      "@id": "12",
      "sourcefile": {
        "@class": "javax.tools.JavaFileObject",
        "@ref": "2",
        "primitive": "stat/Record.java"
      },
      "mods": {
        "@class": "org.jmlspecs.openjml.JmlTree$JmlModifiers",
        "@id": "13",
        "annotations": [],
        "flags": {
          "@class": "long",
          "primitive": "1"
        },
        "jmlmods": []
      },
      "name": {
        "@class": "com.sun.tools.javac.util.Name",
        "@id": "14",
        "primitive": "Record"
      },
      "typarams": [],
      "extending": null,
      "implementing": [],
      "permitting": [],
      "defs": [
        {
          "@class": "org.jmlspecs.openjml.JmlTree$JmlClassDecl",
          "@id": "15",
          "sourcefile": {
            "@class": "javax.tools.JavaFileObject",
            "@ref": "2",
            "primitive": "stat/Record.java"
          },
          "mods": {
            "@class": "org.jmlspecs.openjml.JmlTree$JmlModifiers",
            "@id": "16",
            "annotations": [],
            "flags": {
              "@class": "long",
              "primitive": "2305843009213693952"
            },
            "jmlmods": []
          },
          "name": {
            "@class": "com.sun.tools.javac.util.Name",
            "@id": "17",
            "primitive": "R"
          },
          "typarams": [],
          "extending": null,
          "implementing": [],
          "permitting": [],
          "defs": [
            {
              "@class": "org.jmlspecs.openjml.JmlTree$JmlVariableDecl",
              "@id": "18",
              "sourcefile": {
                "@class": "javax.tools.JavaFileObject",
                "@ref": "2",
                "primitive": "stat/Record.java"
              },
              "mods": {
                "@class": "org.jmlspecs.openjml.JmlTree$JmlModifiers",
                "@id": "19",
                "annotations": [],
                "flags": {
                  "@class": "long",
                  "primitive": "2305843009230471186"
                },
                "jmlmods": []
              },
              "name": {
                "@class": "com.sun.tools.javac.util.Name",
                "@id": "20",
                "primitive": "i"
              },
              "vartype": {
                "@class": "com.sun.tools.javac.tree.JCTree$JCPrimitiveTypeTree",
                "@id": "21",
                "typetag": {
                  "@class": "com.sun.tools.javac.code.TypeTag",
                  "@id": "22",
                  "primitive": "INT"
                }
              },
              "init": null
            },
            {
              "@class": "org.jmlspecs.openjml.JmlTree$JmlVariableDecl",
              "@id": "23",
              "sourcefile": {
                "@class": "javax.tools.JavaFileObject",
                "@ref": "2",
                "primitive": "stat/Record.java"
              },
              "mods": {
                "@class": "org.jmlspecs.openjml.JmlTree$JmlModifiers",
                "@id": "24",
                "annotations": [],
                "flags": {
                  "@class": "long",
                  "primitive": "2305843009230471186"
                },
                "jmlmods": []
              },
              "name": {
                "@class": "com.sun.tools.javac.util.Name",
                "@id": "25",
                "primitive": "j"
              },
              "vartype": {
                "@class": "com.sun.tools.javac.tree.JCTree$JCPrimitiveTypeTree",
                "@id": "26",
                "typetag": {
                  "@class": "com.sun.tools.javac.code.TypeTag",
                  "@ref": "22",
                  "primitive": "INT"
                }
              },
              "init": null
            }
          ]
        },
        {
          "@class": "org.jmlspecs.openjml.JmlTree$JmlMethodDecl",
          "@id": "27",
          "sourcefile": {
            "@class": "javax.tools.JavaFileObject",
            "@ref": "2",
            "primitive": "stat/Record.java"
          },
          "mods": {
            "@class": "org.jmlspecs.openjml.JmlTree$JmlModifiers",
            "@id": "28",
            "annotations": [],
            "flags": {
              "@class": "long",
              "primitive": "1"
            },
            "jmlmods": []
          },
          "name": {
            "@class": "com.sun.tools.javac.util.Name",
            "@id": "29",
            "primitive": "p"
          },
          "restype": {
            "@class": "com.sun.tools.javac.tree.JCTree$JCPrimitiveTypeTree",
            "@id": "30",
            "typetag": {
              "@class": "com.sun.tools.javac.code.TypeTag",
              "@id": "31",
              "primitive": "VOID"
            }
          },
          "typarams": [],
          "recvparam": null,
          "params": [
            {
              "@class": "org.jmlspecs.openjml.JmlTree$JmlVariableDecl",
              "@id": "32",
              "sourcefile": {
                "@class": "javax.tools.JavaFileObject",
                "@ref": "2",
                "primitive": "stat/Record.java"
              },
              "mods": {
                "@class": "org.jmlspecs.openjml.JmlTree$JmlModifiers",
                "@id": "33",
                "annotations": [],
                "flags": {
                  "@class": "long",
                  "primitive": "8589934592"
                },
                "jmlmods": []
              },
              "name": {
                "@class": "com.sun.tools.javac.util.Name",
                "@id": "34",
                "primitive": "r"
              },
              "vartype": {
                "@class": "com.sun.tools.javac.tree.JCTree$JCIdent",
                "@id": "35",
                "name": {
                  "@class": "com.sun.tools.javac.util.Name",
                  "@ref": "14",
                  "primitive": "Record"
                }
              },
              "init": null
            }
          ],
          "thrown": [],
          "methodSpecs": null,
          "body": {
            "@class": "org.jmlspecs.openjml.JmlTree$JmlBlock",
            "@id": "36",
            "sourcefile": null,
            "flags": {
              "@class": "long",
              "primitive": "0"
            },
            "stats": [
              {
                "@class": "org.jmlspecs.openjml.JmlTree$JmlVariableDecl",
                "@id": "37",
                "sourcefile": {
                  "@class": "javax.tools.JavaFileObject",
                  "@ref": "2",
                  "primitive": "stat/Record.java"
                },
                "mods": {
                  "@class": "org.jmlspecs.openjml.JmlTree$JmlModifiers",
                  "@id": "38",
                  "annotations": [],
                  "flags": {
                    "@class": "long",
                    "primitive": "0"
                  },
                  "jmlmods": []
                },
                "name": {
                  "@class": "com.sun.tools.javac.util.Name",
                  "@ref": "29",
                  "primitive": "p"
                },
                "vartype": {
                  "@class": "com.sun.tools.javac.tree.JCTree$JCPrimitiveTypeTree",
                  "@id": "39",
                  "typetag": {
                    "@class": "com.sun.tools.javac.code.TypeTag",
                    "@ref": "22",
                    "primitive": "INT"
                  }
                },
                "init": {
                  "@class": "com.sun.tools.javac.tree.JCTree$JCSwitchExpression",
                  "@id": "40",
                  "selector": {
                    "@class": "com.sun.tools.javac.tree.JCTree$JCParens",
                    "@id": "41",
                    "expr": {
                      "@class": "com.sun.tools.javac.tree.JCTree$JCIdent",
                      "@id": "42",
                      "name": {
                        "@class": "com.sun.tools.javac.util.Name",
                        "@ref": "34",
                        "primitive": "r"
                      }
                    }
                  },
                  "cases": [
                    {
                      "@class": "org.jmlspecs.openjml.JmlTree$JmlCase",
                      "@id": "43",
                      "caseKind": {
                        "@class": "com.sun.source.tree.CaseTree$CaseKind",
                        "@id": "44",
                        "primitive": "RULE"
                      },
                      "labels": [
                        {
                          "@class": "com.sun.tools.javac.tree.JCTree$JCConstantCaseLabel",
                          "@id": "45",
                          "expr": {
                            "@class": "com.sun.tools.javac.tree.JCTree$JCMethodInvocation",
                            "@id": "46",
                            "typeargs": [],
                            "meth": {
                              "@class": "com.sun.tools.javac.tree.JCTree$JCIdent",
                              "@id": "47",
                              "name": {
                                "@class": "com.sun.tools.javac.util.Name",
                                "@ref": "17",
                                "primitive": "R"
                              }
                            },
                            "args": [
                              {
                                "@class": "com.sun.tools.javac.tree.JCTree$JCIdent",
                                "@id": "48",
                                "name": {
                                  "@class": "com.sun.tools.javac.util.Name",
                                  "@id": "49",
                                  "primitive": "ii"
                                }
                              },
                              {
                                "@class": "com.sun.tools.javac.tree.JCTree$JCIdent",
                                "@id": "50",
                                "name": {
                                  "@class": "com.sun.tools.javac.util.Name",
                                  "@id": "51",
                                  "primitive": "jj"
                                }
                              }
                            ]
                          }
                        }
                      ],
                      "guard": null,
                      "stats": [
                        {
                          "@class": "com.sun.tools.javac.tree.JCTree$JCYield",
                          "@id": "52",
                          "value": {
                            "@class": "com.sun.tools.javac.tree.JCTree$JCLiteral",
                            "@id": "53",
                            "typetag": {
                              "@class": "com.sun.tools.javac.code.TypeTag",
                              "@ref": "22",
                              "primitive": "INT"
                            },
                            "value": 0
                          }
                        }
                      ],
                      "body": {
                        "@class": "com.sun.tools.javac.tree.JCTree$JCLiteral",
                        "@ref": "53",
                        "typetag": {
                          "@class": "com.sun.tools.javac.code.TypeTag",
                          "@ref": "22",
                          "primitive": "INT"
                        },
                        "value": 0
                      }
                    },
                    {
                      "@class": "org.jmlspecs.openjml.JmlTree$JmlCase",
                      "@id": "54",
                      "caseKind": {
                        "@class": "com.sun.source.tree.CaseTree$CaseKind",
                        "@ref": "44",
                        "primitive": "RULE"
                      },
                      "labels": [
                        {
                          "@class": "com.sun.tools.javac.tree.JCTree$JCDefaultCaseLabel",
                          "@id": "55"
                        }
                      ],
                      "guard": null,
                      "stats": [
                        {
                          "@class": "com.sun.tools.javac.tree.JCTree$JCYield",
                          "@id": "56",
                          "value": {
                            "@class": "com.sun.tools.javac.tree.JCTree$JCLiteral",
                            "@id": "57",
                            "typetag": {
                              "@class": "com.sun.tools.javac.code.TypeTag",
                              "@ref": "22",
                              "primitive": "INT"
                            },
                            "value": 1
                          }
                        }
                      ],
                      "body": {
                        "@class": "com.sun.tools.javac.tree.JCTree$JCLiteral",
                        "@ref": "57",
                        "typetag": {
                          "@class": "com.sun.tools.javac.code.TypeTag",
                          "@ref": "22",
                          "primitive": "INT"
                        },
                        "value": 1
                      }
                    }
                  ]
                }
              },
              {
                "@class": "org.jmlspecs.openjml.JmlTree$JmlForLoop",
                "@id": "58",
                "loopSpecs": [
                  {
                    "@class": "org.jmlspecs.openjml.JmlTree$JmlStatementLoopExpr",
                    "@id": "59",
                    "name": null,
                    "clauseType": {
                      "@class": "org.jmlspecs.openjml.IJmlClauseKind",
                      "@id": "60",
                      "primitive": "loop_invariant"
                    },
                    "expression": {
                      "@class": "com.sun.tools.javac.tree.JCTree$JCBinary",
                      "@id": "61",
                      "lhs": {
                        "@class": "com.sun.tools.javac.tree.JCTree$JCBinary",
                        "@id": "62",
                        "lhs": {
                          "@class": "com.sun.tools.javac.tree.JCTree$JCLiteral",
                          "@id": "63",
                          "typetag": {
                            "@class": "com.sun.tools.javac.code.TypeTag",
                            "@ref": "22",
                            "primitive": "INT"
                          },
                          "value": 0
                        },
                        "opcode": {
                          "@class": "com.sun.tools.javac.tree.JCTree$Tag",
                          "@id": "64",
                          "primitive": "LE"
                        },
                        "rhs": {
                          "@class": "com.sun.tools.javac.tree.JCTree$JCIdent",
                          "@id": "65",
                          "name": {
                            "@class": "com.sun.tools.javac.util.Name",
                            "@id": "66",
                            "primitive": "k"
                          }
                        }
                      },
                      "opcode": {
                        "@class": "com.sun.tools.javac.tree.JCTree$Tag",
                        "@id": "67",
                        "primitive": "AND"
                      },
                      "rhs": {
                        "@class": "com.sun.tools.javac.tree.JCTree$JCBinary",
                        "@id": "68",
                        "lhs": {
                          "@class": "com.sun.tools.javac.tree.JCTree$JCIdent",
                          "@id": "69",
                          "name": {
                            "@class": "com.sun.tools.javac.util.Name",
                            "@ref": "66",
                            "primitive": "k"
                          }
                        },
                        "opcode": {
                          "@class": "com.sun.tools.javac.tree.JCTree$Tag",
                          "@ref": "64",
                          "primitive": "LE"
                        },
                        "rhs": {
                          "@class": "com.sun.tools.javac.tree.JCTree$JCLiteral",
                          "@id": "70",
                          "typetag": {
                            "@class": "com.sun.tools.javac.code.TypeTag",
                            "@ref": "22",
                            "primitive": "INT"
                          },
                          "value": 10
                        }
                      }
                    }
                  },
                  {
                    "@class": "org.jmlspecs.openjml.JmlTree$JmlStatementLoopModifies",
                    "@id": "71",
                    "sourcefile": null,
                    "name": null,
                    "clauseType": {
                      "@class": "org.jmlspecs.openjml.IJmlClauseKind",
                      "@id": "72",
                      "primitive": "loop_writes"
                    },
                    "storerefs": [
                      {
                        "@class": "com.sun.tools.javac.tree.JCTree$JCIdent",
                        "@id": "73",
                        "name": {
                          "@class": "com.sun.tools.javac.util.Name",
                          "@ref": "66",
                          "primitive": "k"
                        }
                      }
                    ]
                  },
                  {
                    "@class": "org.jmlspecs.openjml.JmlTree$JmlStatementLoopExpr",
                    "@id": "74",
                    "name": null,
                    "clauseType": {
                      "@class": "org.jmlspecs.openjml.IJmlClauseKind",
                      "@id": "75",
                      "primitive": "loop_decreases"
                    },
                    "expression": {
                      "@class": "com.sun.tools.javac.tree.JCTree$JCBinary",
                      "@id": "76",
                      "lhs": {
                        "@class": "com.sun.tools.javac.tree.JCTree$JCLiteral",
                        "@id": "77",
                        "typetag": {
                          "@class": "com.sun.tools.javac.code.TypeTag",
                          "@ref": "22",
                          "primitive": "INT"
                        },
                        "value": 10
                      },
                      "opcode": {
                        "@class": "com.sun.tools.javac.tree.JCTree$Tag",
                        "@id": "78",
                        "primitive": "MINUS"
                      },
                      "rhs": {
                        "@class": "com.sun.tools.javac.tree.JCTree$JCIdent",
                        "@id": "79",
                        "name": {
                          "@class": "com.sun.tools.javac.util.Name",
                          "@ref": "66",
                          "primitive": "k"
                        }
                      }
                    }
                  }
                ],
                "split": {
                  "@class": "boolean",
                  "primitive": "false"
                },
                "init": [
                  {
                    "@class": "org.jmlspecs.openjml.JmlTree$JmlVariableDecl",
                    "@id": "80",
                    "sourcefile": {
                      "@class": "javax.tools.JavaFileObject",
                      "@ref": "2",
                      "primitive": "stat/Record.java"
                    },
                    "mods": {
                      "@class": "org.jmlspecs.openjml.JmlTree$JmlModifiers",
                      "@id": "81",
                      "annotations": [],
                      "flags": {
                        "@class": "long",
                        "primitive": "0"
                      },
                      "jmlmods": []
                    },
                    "name": {
                      "@class": "com.sun.tools.javac.util.Name",
                      "@ref": "66",
                      "primitive": "k"
                    },
                    "vartype": {
                      "@class": "com.sun.tools.javac.tree.JCTree$JCPrimitiveTypeTree",
                      "@id": "82",
                      "typetag": {
                        "@class": "com.sun.tools.javac.code.TypeTag",
                        "@ref": "22",
                        "primitive": "INT"
                      }
                    },
                    "init": {
                      "@class": "com.sun.tools.javac.tree.JCTree$JCLiteral",
                      "@id": "83",
                      "typetag": {
                        "@class": "com.sun.tools.javac.code.TypeTag",
                        "@ref": "22",
                        "primitive": "INT"
                      },
                      "value": 0
                    }
                  }
                ],
                "cond": {
                  "@class": "com.sun.tools.javac.tree.JCTree$JCBinary",
                  "@id": "84",
                  "lhs": {
                    "@class": "com.sun.tools.javac.tree.JCTree$JCIdent",
                    "@id": "85",
                    "name": {
                      "@class": "com.sun.tools.javac.util.Name",
                      "@ref": "66",
                      "primitive": "k"
                    }
                  },
                  "opcode": {
                    "@class": "com.sun.tools.javac.tree.JCTree$Tag",
                    "@id": "86",
                    "primitive": "LT"
                  },
                  "rhs": {
                    "@class": "com.sun.tools.javac.tree.JCTree$JCLiteral",
                    "@id": "87",
                    "typetag": {
                      "@class": "com.sun.tools.javac.code.TypeTag",
                      "@ref": "22",
                      "primitive": "INT"
                    },
                    "value": 10
                  }
                },
                "step": [
                  {
                    "@class": "com.sun.tools.javac.tree.JCTree$JCExpressionStatement",
                    "@id": "88",
                    "expr": {
                      "@class": "com.sun.tools.javac.tree.JCTree$JCUnary",
                      "@id": "89",
                      "opcode": {
                        "@class": "com.sun.tools.javac.tree.JCTree$Tag",
                        "@id": "90",
                        "primitive": "POSTINC"
                      },
                      "arg": {
                        "@class": "com.sun.tools.javac.tree.JCTree$JCIdent",
                        "@id": "91",
                        "name": {
                          "@class": "com.sun.tools.javac.util.Name",
                          "@ref": "66",
                          "primitive": "k"
                        }
                      }
                    }
                  }
                ],
                "body": {
                  "@class": "org.jmlspecs.openjml.JmlTree$JmlBlock",
                  "@id": "92",
                  "sourcefile": null,
                  "flags": {
                    "@class": "long",
                    "primitive": "0"
                  },
                  "stats": []
                }
              },
              {
                "@class": "org.jmlspecs.openjml.JmlTree$JmlWhileLoop",
                "@id": "93",
                "loopSpecs": [],
                "split": {
                  "@class": "boolean",
                  "primitive": "false"
                },
                "cond": {
                  "@class": "com.sun.tools.javac.tree.JCTree$JCParens",
                  "@id": "94",
                  "expr": {
                    "@class": "com.sun.tools.javac.tree.JCTree$JCLiteral",
                    "@id": "95",
                    "typetag": {
                      "@class": "com.sun.tools.javac.code.TypeTag",
                      "@id": "96",
                      "primitive": "BOOLEAN"
                    },
                    "value": 1
                  }
                },
                "body": {
                  "@class": "org.jmlspecs.openjml.JmlTree$JmlBlock",
                  "@id": "97",
                  "sourcefile": null,
                  "flags": {
                    "@class": "long",
                    "primitive": "0"
                  },
                  "stats": []
                }
              },
              {
                "@class": "org.jmlspecs.openjml.JmlTree$JmlDoWhileLoop",
                "@id": "98",
                "loopSpecs": [],
                "split": {
                  "@class": "boolean",
                  "primitive": "false"
                },
                "body": {
                  "@class": "org.jmlspecs.openjml.JmlTree$JmlBlock",
                  "@id": "99",
                  "sourcefile": null,
                  "flags": {
                    "@class": "long",
                    "primitive": "0"
                  },
                  "stats": []
                },
                "cond": {
                  "@class": "com.sun.tools.javac.tree.JCTree$JCParens",
                  "@id": "100",
                  "expr": {
                    "@class": "com.sun.tools.javac.tree.JCTree$JCLiteral",
                    "@id": "101",
                    "typetag": {
                      "@class": "com.sun.tools.javac.code.TypeTag",
                      "@ref": "96",
                      "primitive": "BOOLEAN"
                    },
                    "value": 1
                  }
                }
              },
              {
                "@class": "org.jmlspecs.openjml.JmlTree$JmlVariableDecl",
                "@id": "102",
                "sourcefile": {
                  "@class": "javax.tools.JavaFileObject",
                  "@ref": "2",
                  "primitive": "stat/Record.java"
                },
                "mods": {
                  "@class": "org.jmlspecs.openjml.JmlTree$JmlModifiers",
                  "@id": "103",
                  "annotations": [],
                  "flags": {
                    "@class": "long",
                    "primitive": "0"
                  },
                  "jmlmods": []
                },
                "name": {
                  "@class": "com.sun.tools.javac.util.Name",
                  "@id": "104",
                  "primitive": "a"
                },
                "vartype": {
                  "@class": "com.sun.tools.javac.tree.JCTree$JCArrayTypeTree",
                  "@id": "105",
                  "elemtype": {
                    "@class": "com.sun.tools.javac.tree.JCTree$JCPrimitiveTypeTree",
                    "@id": "106",
                    "typetag": {
                      "@class": "com.sun.tools.javac.code.TypeTag",
                      "@ref": "22",
                      "primitive": "INT"
                    }
                  }
                },
                "init": {
                  "@class": "com.sun.tools.javac.tree.JCTree$JCNewArray",
                  "@id": "107",
                  "annotations": [],
                  "elemtype": {
                    "@class": "com.sun.tools.javac.tree.JCTree$JCPrimitiveTypeTree",
                    "@id": "108",
                    "typetag": {
                      "@class": "com.sun.tools.javac.code.TypeTag",
                      "@ref": "22",
                      "primitive": "INT"
                    }
                  },
                  "dims": [
                    {
                      "@class": "com.sun.tools.javac.tree.JCTree$JCLiteral",
                      "@id": "109",
                      "typetag": {
                        "@class": "com.sun.tools.javac.code.TypeTag",
                        "@ref": "22",
                        "primitive": "INT"
                      },
                      "value": 10
                    }
                  ],
                  "elems": null
                }
              },
              {
                "@class": "org.jmlspecs.openjml.JmlTree$JmlEnhancedForLoop",
                "@id": "110",
                "loopSpecs": [],
                "split": {
                  "@class": "boolean",
                  "primitive": "false"
                },
                "var": {
                  "@class": "org.jmlspecs.openjml.JmlTree$JmlVariableDecl",
                  "@id": "111",
                  "sourcefile": {
                    "@class": "javax.tools.JavaFileObject",
                    "@ref": "2",
                    "primitive": "stat/Record.java"
                  },
                  "mods": {
                    "@class": "org.jmlspecs.openjml.JmlTree$JmlModifiers",
                    "@id": "112",
                    "annotations": [],
                    "flags": {
                      "@class": "long",
                      "primitive": "0"
                    },
                    "jmlmods": []
                  },
                  "name": {
                    "@class": "com.sun.tools.javac.util.Name",
                    "@id": "113",
                    "primitive": "e"
                  },
                  "vartype": {
                    "@class": "com.sun.tools.javac.tree.JCTree$JCPrimitiveTypeTree",
                    "@id": "114",
                    "typetag": {
                      "@class": "com.sun.tools.javac.code.TypeTag",
                      "@ref": "22",
                      "primitive": "INT"
                    }
                  },
                  "init": null
                },
                "expr": {
                  "@class": "com.sun.tools.javac.tree.JCTree$JCIdent",
                  "@id": "115",
                  "name": {
                    "@class": "com.sun.tools.javac.util.Name",
                    "@ref": "104",
                    "primitive": "a"
                  }
                },
                "body": {
                  "@class": "org.jmlspecs.openjml.JmlTree$JmlBlock",
                  "@id": "116",
                  "sourcefile": null,
                  "flags": {
                    "@class": "long",
                    "primitive": "0"
                  },
                  "stats": []
                }
              },
              {
                "@class": "org.jmlspecs.openjml.JmlTree$JmlVariableDecl",
                "@id": "117",
                "sourcefile": {
                  "@class": "javax.tools.JavaFileObject",
                  "@ref": "2",
                  "primitive": "stat/Record.java"
                },
                "mods": {
                  "@class": "org.jmlspecs.openjml.JmlTree$JmlModifiers",
                  "@id": "118",
                  "annotations": [],
                  "flags": {
                    "@class": "long",
                    "primitive": "0"
                  },
                  "jmlmods": []
                },
                "name": {
                  "@class": "com.sun.tools.javac.util.Name",
                  "@id": "119",
                  "primitive": "b"
                },
                "vartype": {
                  "@class": "com.sun.tools.javac.tree.JCTree$JCPrimitiveTypeTree",
                  "@id": "120",
                  "typetag": {
                    "@class": "com.sun.tools.javac.code.TypeTag",
                    "@ref": "96",
                    "primitive": "BOOLEAN"
                  }
                },
                "init": {
                  "@class": "com.sun.tools.javac.tree.JCTree$JCParens",
                  "@id": "121",
                  "expr": {
                    "@class": "com.sun.tools.javac.tree.JCTree$JCInstanceOf",
                    "@id": "122",
                    "expr": {
                      "@class": "com.sun.tools.javac.tree.JCTree$JCIdent",
                      "@id": "123",
                      "name": {
                        "@class": "com.sun.tools.javac.util.Name",
                        "@ref": "34",
                        "primitive": "r"
                      }
                    },
                    "pattern": {
                      "@class": "com.sun.tools.javac.tree.JCTree$JCRecordPattern",
                      "@id": "124",
                      "deconstructor": {
                        "@class": "com.sun.tools.javac.tree.JCTree$JCIdent",
                        "@id": "125",
                        "name": {
                          "@class": "com.sun.tools.javac.util.Name",
                          "@ref": "17",
                          "primitive": "R"
                        }
                      },
                      "nested": [
                        {
                          "@class": "com.sun.tools.javac.tree.JCTree$JCBindingPattern",
                          "@id": "126",
                          "var": {
                            "@class": "org.jmlspecs.openjml.JmlTree$JmlVariableDecl",
                            "@id": "127",
                            "sourcefile": {
                              "@class": "javax.tools.JavaFileObject",
                              "@ref": "2",
                              "primitive": "stat/Record.java"
                            },
                            "mods": {
                              "@class": "org.jmlspecs.openjml.JmlTree$JmlModifiers",
                              "@id": "128",
                              "annotations": [],
                              "flags": {
                                "@class": "long",
                                "primitive": "0"
                              },
                              "jmlmods": []
                            },
                            "name": {
                              "@class": "com.sun.tools.javac.util.Name",
                              "@ref": "49",
                              "primitive": "ii"
                            },
                            "vartype": {
                              "@class": "com.sun.tools.javac.tree.JCTree$JCPrimitiveTypeTree",
                              "@id": "129",
                              "typetag": {
                                "@class": "com.sun.tools.javac.code.TypeTag",
                                "@ref": "22",
                                "primitive": "INT"
                              }
                            },
                            "init": null
                          }
                        },
                        {
                          "@class": "com.sun.tools.javac.tree.JCTree$JCBindingPattern",
                          "@id": "130",
                          "var": {
                            "@class": "org.jmlspecs.openjml.JmlTree$JmlVariableDecl",
                            "@id": "131",
                            "sourcefile": {
                              "@class": "javax.tools.JavaFileObject",
                              "@ref": "2",
                              "primitive": "stat/Record.java"
                            },
                            "mods": {
                              "@class": "org.jmlspecs.openjml.JmlTree$JmlModifiers",
                              "@id": "132",
                              "annotations": [],
                              "flags": {
                                "@class": "long",
                                "primitive": "0"
                              },
                              "jmlmods": []
                            },
                            "name": {
                              "@class": "com.sun.tools.javac.util.Name",
                              "@ref": "51",
                              "primitive": "jj"
                            },
                            "vartype": {
                              "@class": "com.sun.tools.javac.tree.JCTree$JCPrimitiveTypeTree",
                              "@id": "133",
                              "typetag": {
                                "@class": "com.sun.tools.javac.code.TypeTag",
                                "@ref": "22",
                                "primitive": "INT"
                              }
                            },
                            "init": null
                          }
                        }
                      ]
                    }
                  }
                }
              }
            ]
          },
          "defaultValue": null
        }
      ]
    }
  ]
}
