{
  "@class": "org.jmlspecs.openjml.JmlTree$JmlCompilationUnit",
  "@id": "1",
  "sourcefile": {
    "@class": "javax.tools.JavaFileObject",
    "@id": "2",
    "primitive": "jmlnew/JmlMatch.java"
  },
  "pid": null,
  "defs": [
    {
      "@class": "org.jmlspecs.openjml.JmlTree$JmlImport",
      "@id": "3",
      "qualid": {
        "@class": "com.sun.tools.javac.tree.JCTree$JCFieldAccess",
        "@id": "4",
        "selected": {
          "@class": "com.sun.tools.javac.tree.JCTree$JCFieldAccess",
          "@id": "5",
          "selected": {
            "@class": "com.sun.tools.javac.tree.JCTree$JCFieldAccess",
            "@id": "6",
            "selected": {
              "@class": "com.sun.tools.javac.tree.JCTree$JCIdent",
              "@id": "7",
              "name": {
                "@class": "com.sun.tools.javac.util.Name",
                "@id": "8",
                "primitive": "org"
              }
            },
            "name": {
              "@class": "com.sun.tools.javac.util.Name",
              "@id": "9",
              "primitive": "jmlspecs"
            }
          },
          "name": {
            "@class": "com.sun.tools.javac.util.Name",
            "@id": "10",
            "primitive": "lang"
          }
        },
        "name": {
          "@class": "com.sun.tools.javac.util.Name",
          "@id": "11",
          "primitive": "*"
        }
      },
      "staticImport": {
        "@class": "boolean",
        "primitive": "false"
      },
      "isModel": {
        "@class": "boolean",
        "primitive": "true"
      }
    },
    {
      "@class": "org.jmlspecs.openjml.JmlTree$JmlClassDecl",
      "@id": "12",
      "sourcefile": {
        "@class": "javax.tools.JavaFileObject",
        "@ref": "2",
        "primitive": "jmlnew/JmlMatch.java"
      },
      "mods": {
        "@class": "org.jmlspecs.openjml.JmlTree$JmlModifiers",
        "@id": "13",
        "annotations": [],
        "flags": {
          "@class": "long",
          "primitive": "1"
        },
        "jmlmods": []
      },
      "name": {
        "@class": "com.sun.tools.javac.util.Name",
        "@id": "14",
        "primitive": "JmlMatch"
      },
      "typarams": [],
      "extending": null,
      "implementing": [],
      "permitting": [],
      "defs": [
        {
          "@class": "org.jmlspecs.openjml.JmlTree$JmlVariableDecl",
          "@id": "15",
          "sourcefile": {
            "@class": "javax.tools.JavaFileObject",
            "@ref": "2",
            "primitive": "jmlnew/JmlMatch.java"
          },
          "mods": {
            "@class": "org.jmlspecs.openjml.JmlTree$JmlModifiers",
            "@id": "16",
            "annotations": [],
            "flags": {
              "@class": "long",
              "primitive": "0"
            },
            "jmlmods": []
          },
          "name": {
            "@class": "com.sun.tools.javac.util.Name",
            "@id": "17",
            "primitive": "obj"
          },
          "vartype": {
            "@class": "com.sun.tools.javac.tree.JCTree$JCIdent",
            "@id": "18",
            "name": {
              "@class": "com.sun.tools.javac.util.Name",
              "@id": "19",
              "primitive": "Object"
            }
          },
          "init": null
        },
        {
          "@class": "org.jmlspecs.openjml.JmlTree$JmlVariableDecl",
          "@id": "20",
          "sourcefile": {
            "@class": "javax.tools.JavaFileObject",
            "@ref": "2",
            "primitive": "jmlnew/JmlMatch.java"
          },
          "mods": {
            "@class": "org.jmlspecs.openjml.JmlTree$JmlModifiers",
            "@id": "21",
            "annotations": [],
            "flags": {
              "@class": "long",
              "primitive": "0"
            },
            "jmlmods": []
          },
          "name": {
            "@class": "com.sun.tools.javac.util.Name",
            "@id": "22",
            "primitive": "x"
          },
          "vartype": {
            "@class": "com.sun.tools.javac.tree.JCTree$JCPrimitiveTypeTree",
            "@id": "23",
            "typetag": {
              "@class": "com.sun.tools.javac.code.TypeTag",
              "@id": "24",
              "primitive": "INT"
            }
          },
          "init": null
        },
        {
          "@class": "org.jmlspecs.openjml.JmlTree$JmlMethodDecl",
          "@id": "25",
          "sourcefile": {
            "@class": "javax.tools.JavaFileObject",
            "@ref": "2",
            "primitive": "jmlnew/JmlMatch.java"
          },
          "mods": {
            "@class": "org.jmlspecs.openjml.JmlTree$JmlModifiers",
            "@id": "26",
            "annotations": [],
            "flags": {
              "@class": "long",
              "primitive": "1"
            },
            "jmlmods": []
          },
          "name": {
            "@class": "com.sun.tools.javac.util.Name",
            "@id": "27",
            "primitive": "single"
          },
          "restype": {
            "@class": "com.sun.tools.javac.tree.JCTree$JCPrimitiveTypeTree",
            "@id": "28",
            "typetag": {
              "@class": "com.sun.tools.javac.code.TypeTag",
              "@id": "29",
              "primitive": "BOOLEAN"
            }
          },
          "typarams": [],
          "recvparam": null,
          "params": [],
          "thrown": [],
          "methodSpecs": {
            "@class": "org.jmlspecs.openjml.JmlTree$JmlMethodSpecs",
            "@id": "30",
            "cases": [
              {
                "@class": "org.jmlspecs.openjml.JmlTree$JmlSpecificationCase",
                "@id": "31",
                "sourcefile": {
                  "@class": "javax.tools.JavaFileObject",
                  "@ref": "2",
                  "primitive": "jmlnew/JmlMatch.java"
                },
                "also": {
                  "@class": "org.jmlspecs.openjml.IJmlClauseKind",
                  "@id": "32",
                  "primitive": null
                },
                "modifiers": {
                  "@class": "org.jmlspecs.openjml.JmlTree$JmlModifiers",
                  "@id": "33",
                  "annotations": [],
                  "flags": {
                    "@class": "long",
                    "primitive": "0"
                  },
                  "jmlmods": []
                },
                "code": {
                  "@class": "boolean",
                  "primitive": "false"
                },
                "token": {
                  "@class": "org.jmlspecs.openjml.IJmlClauseKind",
                  "@ref": "32",
                  "primitive": null
                },
                "callee_only": {
                  "@class": "boolean",
                  "primitive": "false"
                },
                "clauses": [
                  {
                    "@class": "org.jmlspecs.openjml.JmlTree$JmlMethodClauseExpr",
                    "@id": "34",
                    "sourcefile": {
                      "@class": "javax.tools.JavaFileObject",
                      "@ref": "2",
                      "primitive": "jmlnew/JmlMatch.java"
                    },
                    "name": null,
                    "keyword": {
                      "@class": "java.lang.String",
                      "@id": "35",
                      "primitive": "ensures"
                    },
                    "clauseKind": {
                      "@class": "org.jmlspecs.openjml.IJmlClauseKind",
                      "@id": "36",
                      "primitive": "ensures"
                    },
                    "expression": {
                      "@class": "org.jmlspecs.openjml.JmlTree$JmlMatchExpression",
                      "@id": "37",
                      "expression": {
                        "@class": "com.sun.tools.javac.tree.JCTree$JCParens",
                        "@id": "38",
                        "expr": {
                          "@class": "com.sun.tools.javac.tree.JCTree$JCIdent",
                          "@id": "39",
                          "name": {
                            "@class": "com.sun.tools.javac.util.Name",
                            "@ref": "17",
                            "primitive": "obj"
                          }
                        }
                      },
                      "cases": [
                        {
                          "caseExpression": {
                            "@class": "com.sun.tools.javac.tree.JCTree$JCIdent",
                            "@id": "40",
                            "name": {
                              "@class": "com.sun.tools.javac.util.Name",
                              "@id": "41",
                              "primitive": "o"
                            }
                          },
                          "value": {
                            "@class": "com.sun.tools.javac.tree.JCTree$JCLiteral",
                            "@id": "42",
                            "typetag": {
                              "@class": "com.sun.tools.javac.code.TypeTag",
                              "@ref": "29",
                              "primitive": "BOOLEAN"
                            },
                            "value": 1
                          }
                        }
                      ]
                    },
                    "exception": null
                  }
                ]
              }
            ],
            "behaviors": null,
            "impliesThatCases": [],
            "forExampleCases": []
          },
          "body": {
            "@class": "org.jmlspecs.openjml.JmlTree$JmlBlock",
            "@id": "43",
            "sourcefile": null,
            "flags": {
              "@class": "long",
              "primitive": "0"
            },
            "stats": [
              {
                "@class": "com.sun.tools.javac.tree.JCTree$JCReturn",
                "@id": "44",
                "expr": {
                  "@class": "com.sun.tools.javac.tree.JCTree$JCLiteral",
                  "@id": "45",
                  "typetag": {
                    "@class": "com.sun.tools.javac.code.TypeTag",
                    "@ref": "29",
                    "primitive": "BOOLEAN"
                  },
                  "value": 1
                }
              }
            ]
          },
          "defaultValue": null
        },
        {
          "@class": "org.jmlspecs.openjml.JmlTree$JmlMethodDecl",
          "@id": "46",
          "sourcefile": {
            "@class": "javax.tools.JavaFileObject",
            "@ref": "2",
            "primitive": "jmlnew/JmlMatch.java"
          },
          "mods": {
            "@class": "org.jmlspecs.openjml.JmlTree$JmlModifiers",
            "@id": "47",
            "annotations": [],
            "flags": {
              "@class": "long",
              "primitive": "1"
            },
            "jmlmods": []
          },
          "name": {
            "@class": "com.sun.tools.javac.util.Name",
            "@id": "48",
            "primitive": "multi"
          },
          "restype": {
            "@class": "com.sun.tools.javac.tree.JCTree$JCPrimitiveTypeTree",
            "@id": "49",
            "typetag": {
              "@class": "com.sun.tools.javac.code.TypeTag",
              "@ref": "29",
              "primitive": "BOOLEAN"
            }
          },
          "typarams": [],
          "recvparam": null,
          "params": [],
          "thrown": [],
          "methodSpecs": {
            "@class": "org.jmlspecs.openjml.JmlTree$JmlMethodSpecs",
            "@id": "50",
            "cases": [
              {
                "@class": "org.jmlspecs.openjml.JmlTree$JmlSpecificationCase",
                "@id": "51",
                "sourcefile": {
                  "@class": "javax.tools.JavaFileObject",
                  "@ref": "2",
                  "primitive": "jmlnew/JmlMatch.java"
                },
                "also": {
                  "@class": "org.jmlspecs.openjml.IJmlClauseKind",
                  "@ref": "32",
                  "primitive": null
                },
                "modifiers": {
                  "@class": "org.jmlspecs.openjml.JmlTree$JmlModifiers",
                  "@id": "52",
                  "annotations": [],
                  "flags": {
                    "@class": "long",
                    "primitive": "0"
                  },
                  "jmlmods": []
                },
                "code": {
                  "@class": "boolean",
                  "primitive": "false"
                },
                "token": {
                  "@class": "org.jmlspecs.openjml.IJmlClauseKind",
                  "@ref": "32",
                  "primitive": null
                },
                "callee_only": {
                  "@class": "boolean",
                  "primitive": "false"
                },
                "clauses": [
                  {
                    "@class": "org.jmlspecs.openjml.JmlTree$JmlMethodClauseExpr",
                    "@id": "53",
                    "sourcefile": {
                      "@class": "javax.tools.JavaFileObject",
                      "@ref": "2",
                      "primitive": "jmlnew/JmlMatch.java"
                    },
                    "name": null,
                    "keyword": {
                      "@class": "java.lang.String",
                      "@id": "54",
                      "primitive": "ensures"
                    },
                    "clauseKind": {
                      "@class": "org.jmlspecs.openjml.IJmlClauseKind",
                      "@ref": "36",
                      "primitive": "ensures"
                    },
                    "expression": {
                      "@class": "org.jmlspecs.openjml.JmlTree$JmlMatchExpression",
                      "@id": "55",
                      "expression": {
                        "@class": "com.sun.tools.javac.tree.JCTree$JCParens",
                        "@id": "56",
                        "expr": {
                          "@class": "com.sun.tools.javac.tree.JCTree$JCIdent",
                          "@id": "57",
                          "name": {
                            "@class": "com.sun.tools.javac.util.Name",
                            "@ref": "22",
                            "primitive": "x"
                          }
                        }
                      },
                      "cases": [
                        {
                          "caseExpression": {
                            "@class": "com.sun.tools.javac.tree.JCTree$JCIdent",
                            "@id": "58",
                            "name": {
                              "@class": "com.sun.tools.javac.util.Name",
                              "@id": "59",
                              "primitive": "zero"
                            }
                          },
                          "value": {
                            "@class": "com.sun.tools.javac.tree.JCTree$JCLiteral",
                            "@id": "60",
                            "typetag": {
                              "@class": "com.sun.tools.javac.code.TypeTag",
                              "@ref": "29",
                              "primitive": "BOOLEAN"
                            },
                            "value": 1
                          }
                        },
                        {
                          "caseExpression": {
                            "@class": "com.sun.tools.javac.tree.JCTree$JCIdent",
                            "@id": "61",
                            "name": {
                              "@class": "com.sun.tools.javac.util.Name",
                              "@id": "62",
                              "primitive": "other"
                            }
                          },
                          "value": {
                            "@class": "com.sun.tools.javac.tree.JCTree$JCLiteral",
                            "@id": "63",
                            "typetag": {
                              "@class": "com.sun.tools.javac.code.TypeTag",
                              "@ref": "29",
                              "primitive": "BOOLEAN"
                            },
                            "value": 0
                          }
                        }
                      ]
                    },
                    "exception": null
                  }
                ]
              }
            ],
            "behaviors": null,
            "impliesThatCases": [],
            "forExampleCases": []
          },
          "body": {
            "@class": "org.jmlspecs.openjml.JmlTree$JmlBlock",
            "@id": "64",
            "sourcefile": null,
            "flags": {
              "@class": "long",
              "primitive": "0"
            },
            "stats": [
              {
                "@class": "com.sun.tools.javac.tree.JCTree$JCReturn",
                "@id": "65",
                "expr": {
                  "@class": "com.sun.tools.javac.tree.JCTree$JCBinary",
                  "@id": "66",
                  "lhs": {
                    "@class": "com.sun.tools.javac.tree.JCTree$JCIdent",
                    "@id": "67",
                    "name": {
                      "@class": "com.sun.tools.javac.util.Name",
                      "@ref": "22",
                      "primitive": "x"
                    }
                  },
                  "opcode": {
                    "@class": "com.sun.tools.javac.tree.JCTree$Tag",
                    "@id": "68",
                    "primitive": "EQ"
                  },
                  "rhs": {
                    "@class": "com.sun.tools.javac.tree.JCTree$JCLiteral",
                    "@id": "69",
                    "typetag": {
                      "@class": "com.sun.tools.javac.code.TypeTag",
                      "@ref": "24",
                      "primitive": "INT"
                    },
                    "value": 0
                  }
                }
              }
            ]
          },
          "defaultValue": null
        }
      ]
    }
  ]
}
